 PhysXCooking_64

 Timestamp is 6775bd15 (Wed Jan  1 22:09:25 2025)

 Preferred load address is 0000000180000000

 Start         Length     Name                   Class
 0001:00000000 00000060H .text$di                CODE
 0001:00000060 0001e4c0H .text$mn                CODE
 0001:0001e520 00000040H .text$mn$00             CODE
 0001:0001e560 00000a70H .text$mn$21             CODE
 0001:0001efd0 00000690H .text$x                 CODE
 0002:00000000 00000278H .idata$5                DATA
 0002:00000278 00000038H .00cfg                  DATA
 0002:000002b0 00000008H .CRT$XCA                DATA
 0002:000002b8 00000030H .CRT$XCU                DATA
 0002:000002e8 00000008H .CRT$XCZ                DATA
 0002:000002f0 00000008H .CRT$XIA                DATA
 0002:000002f8 00000018H .CRT$XIC                DATA
 0002:00000310 00000008H .CRT$XIZ                DATA
 0002:00000318 00000008H .CRT$XPA                DATA
 0002:00000320 00000010H .CRT$XPX                DATA
 0002:00000330 00000008H .CRT$XPXA               DATA
 0002:00000338 00000008H .CRT$XPZ                DATA
 0002:00000340 00000008H .CRT$XTA                DATA
 0002:00000348 00000008H .CRT$XTZ                DATA
 0002:00000350 00000000H .gehcont$y              DATA
 0002:00000350 00000000H .gfids$y                DATA
 0002:00000350 00008d80H .rdata                  DATA
 0002:000090d0 000001b0H .rdata$00               DATA
 0002:00009280 00000000H .rdata$CastGuardVftablesA DATA
 0002:00009280 00000000H .rdata$CastGuardVftablesC DATA
 0002:00009280 0000043cH .rdata$r                DATA
 0002:000096bc 0000015cH .rdata$voltmd           DATA
 0002:00009818 00000468H .rdata$zzzdbg           DATA
 0002:00009c80 00000008H .rtc$IAA                DATA
 0002:00009c88 00000008H .rtc$IZZ                DATA
 0002:00009c90 00000008H .rtc$TAA                DATA
 0002:00009c98 00000008H .rtc$TZZ                DATA
 0002:00009ca0 00001618H .xdata                  DATA
 0002:0000b2b8 00000084H .xdata$x                DATA
 0002:0000b33c 00000040H .didat$2                DATA
 0002:0000b37c 00000024H .didat$3                DATA
 0002:0000b3a0 000000d0H .didat$4                DATA
 0002:0000b470 00000280H .didat$6                DATA
 0002:0000b6f0 000001f0H .didat$7                DATA
 0002:0000b8e0 00000af8H .edata                  DATA
 0002:0000c3d8 00000014H .idata$2                DATA
 0002:0000c3ec 00000014H .idata$3                DATA
 0002:0000c400 00000278H .idata$4                DATA
 0002:0000c678 000005aeH .idata$6                DATA
 0003:00000000 00000a70H .data                   DATA
 0003:00000a70 000000e0H .data$r                 DATA
 0003:00000b50 000000f0H .data$rs                DATA
 0003:00000c40 000000d0H .didat$5                DATA
 0003:00000d10 00001280H .bss                    DATA
 0004:00000000 00001908H .pdata                  DATA
 0005:00000000 000000a0H .rsrc$01                DATA
 0005:000000a0 000004b0H .rsrc$02                DATA

  Address         Publics by Value              Rva+Base               Lib:Object

 0000:00000000       __AbsoluteZero             0000000000000000     <absolute>
 0000:00000000       ___safe_se_handler_count   0000000000000000     <absolute>
 0000:00000000       ___safe_se_handler_table   0000000000000000     <absolute>
 0000:00000000       __arm64x_extra_rfe_table   0000000000000000     <absolute>
 0000:00000000       __arm64x_extra_rfe_table_size 0000000000000000     <absolute>
 0000:00000000       __arm64x_native_entrypoint 0000000000000000     <absolute>
 0000:00000000       __arm64x_redirection_metadata 0000000000000000     <absolute>
 0000:00000000       __arm64x_redirection_metadata_count 0000000000000000     <absolute>
 0000:00000000       __dynamic_value_reloc_table 0000000000000000     <absolute>
 0000:00000000       __enclave_config           0000000000000000     <absolute>
 0000:00000000       __guard_check_icall_a64n_fptr 0000000000000000     <absolute>
 0000:00000000       __guard_eh_cont_count      0000000000000000     <absolute>
 0000:00000000       __guard_eh_cont_table      0000000000000000     <absolute>
 0000:00000000       __guard_fids_count         0000000000000000     <absolute>
 0000:00000000       __guard_fids_table         0000000000000000     <absolute>
 0000:00000000       __guard_iat_count          0000000000000000     <absolute>
 0000:00000000       __guard_iat_table          0000000000000000     <absolute>
 0000:00000000       __guard_longjmp_count      0000000000000000     <absolute>
 0000:00000000       __guard_longjmp_table      0000000000000000     <absolute>
 0000:00000000       __hybrid_auxiliary_delayload_iat 0000000000000000     <absolute>
 0000:00000000       __hybrid_auxiliary_delayload_iat_copy 0000000000000000     <absolute>
 0000:00000000       __hybrid_auxiliary_iat     0000000000000000     <absolute>
 0000:00000000       __hybrid_auxiliary_iat_copy 0000000000000000     <absolute>
 0000:00000000       __hybrid_code_map          0000000000000000     <absolute>
 0000:00000000       __hybrid_code_map_count    0000000000000000     <absolute>
 0000:00000000       __hybrid_image_info_bitfield 0000000000000000     <absolute>
 0000:00000000       __x64_code_ranges_to_entry_points 0000000000000000     <absolute>
 0000:00000000       __x64_code_ranges_to_entry_points_count 0000000000000000     <absolute>
 0000:00000100       __guard_flags              0000000000000100     <absolute>
 0000:00000000       __ImageBase                0000000180000000     <linker-defined>
 0001:00000060       ??$copy@V?$PxReflectionAllocator@USlab@NodeAllocator@Gu@physx@@@physx@@@?$PxArray@USlab@NodeAllocator@Gu@physx@@V?$PxReflectionAllocator@USlab@NodeAllocator@Gu@physx@@@4@@physx@@IEAAXAEBV01@@Z 0000000180001060 f i Cooking.obj
 0001:000000e0       ??0AABBTreeBounds@Gu@physx@@QEAA@XZ 00000001800010e0 f i Cooking.obj
 0001:000000f0       ??0AABBTreeBuildNode@Gu@physx@@QEAA@AEBV012@@Z 00000001800010f0 f i Cooking.obj
 0001:000000f0       ??4AABBTreeBuildNode@Gu@physx@@QEAAAEAV012@AEBV012@@Z 00000001800010f0 f i Cooking.obj
 0001:00000130       ??0AABBTreeBuildNode@Gu@physx@@QEAA@XZ 0000000180001130 f i Cooking.obj
 0001:00000130       ??4PxFoundation@physx@@QEAAAEAV01@AEBV01@@Z 0000000180001130 f i Cooking.obj
 0001:00000130       ?getAABB@AABBTreeBuildNode@Gu@physx@@QEBAAEBVPxBounds3@3@XZ 0000000180001130 f i Cooking.obj
 0001:00000140       ??0AABBTreeBuildParams@Gu@physx@@QEAA@IIPEBVAABBTreeBounds@12@W4BVHBuildStrategy@12@@Z 0000000180001140 f i Cooking.obj
 0001:00000160       ??0NodeAllocator@Gu@physx@@QEAA@AEBV012@@Z 0000000180001160 f i Cooking.obj
 0001:000001a0       ??0PxFoundation@physx@@QEAA@AEBV01@@Z 00000001800011a0 f i Cooking.obj
 0001:000001a0       ??0PxFoundation@physx@@QEAA@XZ 00000001800011a0 f i Cooking.obj
 0001:000001b0       ??1AABBTreeBounds@Gu@physx@@QEAA@XZ 00000001800011b0 f i Cooking.obj
 0001:000001c0       ??1AABBTreeBuildNode@Gu@physx@@QEAA@XZ 00000001800011c0 f i Cooking.obj
 0001:000001c0       _guard_check_icall_nop     00000001800011c0 f i LIBCMT:guard_support.obj
 0001:000001d0       ??1AABBTreeBuildParams@Gu@physx@@QEAA@XZ 00000001800011d0 f i Cooking.obj
 0001:000001d0       ?reset@AABBTreeBuildParams@Gu@physx@@QEAAXXZ 00000001800011d0 f i Cooking.obj
 0001:00000220       ??1PxFoundation@physx@@MEAA@XZ 0000000180001220 f i Cooking.obj
 0001:00000230       ??4AABBTreeBounds@Gu@physx@@QEAAAEAV012@AEBV012@@Z 0000000180001230 f i Cooking.obj
 0001:00000240       ??4AABBTreeBuildParams@Gu@physx@@QEAAAEAV012@AEBV012@@Z 0000000180001240 f i Cooking.obj
 0001:00000260       ??4NodeAllocator@Gu@physx@@QEAAAEAV012@AEBV012@@Z 0000000180001260 f i Cooking.obj
 0001:00000310       ??_EPxFoundation@physx@@MEAAPEAXI@Z 0000000180001310 f i Cooking.obj
 0001:000003a0       ??_FAABBTreeBuildParams@Gu@physx@@QEAAXXZ 00000001800013a0 f i Cooking.obj
 0001:000003c0       ?allocate@?$PxArray@USlab@NodeAllocator@Gu@physx@@V?$PxReflectionAllocator@USlab@NodeAllocator@Gu@physx@@@4@@physx@@IEAAPEAUSlab@NodeAllocator@Gu@2@IPEAI@Z 00000001800013c0 f i Cooking.obj
 0001:00000450       ?getBounds@AABBTreeBounds@Gu@physx@@QEAAPEAVPxBounds3@3@XZ 0000000180001450 f i Cooking.obj
 0001:00000450       ?getBounds@AABBTreeBounds@Gu@physx@@QEBAPEBVPxBounds3@3@XZ 0000000180001450 f i Cooking.obj
 0001:00000460       ?getNbPrimitives@AABBTreeBuildNode@Gu@physx@@QEBAIXZ 0000000180001460 f i Cooking.obj
 0001:00000460       ?getNbRuntimePrimitives@AABBTreeBuildNode@Gu@physx@@QEBAIXZ 0000000180001460 f i Cooking.obj
 0001:00000470       ?getNeg@AABBTreeBuildNode@Gu@physx@@QEBAPEBV123@XZ 0000000180001470 f i Cooking.obj
 0001:00000490       ?getPos@AABBTreeBuildNode@Gu@physx@@QEBAPEBV123@XZ 0000000180001490 f i Cooking.obj
 0001:000004a0       ?getPrimitives@AABBTreeBuildNode@Gu@physx@@QEAAPEAIPEAI@Z 00000001800014a0 f i Cooking.obj
 0001:000004a0       ?getPrimitives@AABBTreeBuildNode@Gu@physx@@QEBAPEBIPEBI@Z 00000001800014a0 f i Cooking.obj
 0001:000004b0       ?isLeaf@AABBTreeBuildNode@Gu@physx@@QEBA_NXZ 00000001800014b0 f i Cooking.obj
 0001:000004c0       ?moveFrom@AABBTreeBounds@Gu@physx@@QEAAXAEAV123@@Z 00000001800014c0 f i Cooking.obj
 0001:000004d0       ?ownsMemory@AABBTreeBounds@Gu@physx@@QEBA_NXZ 00000001800014d0 f i Cooking.obj
 0001:000004e0       ?recreate@?$PxArray@USlab@NodeAllocator@Gu@physx@@V?$PxReflectionAllocator@USlab@NodeAllocator@Gu@physx@@@4@@physx@@IEAAXI@Z 00000001800014e0 f i Cooking.obj
 0001:000005d0       ?setBounds@AABBTreeBounds@Gu@physx@@QEAAXPEAVPxBounds3@3@@Z 00000001800015d0 f i Cooking.obj
 0001:000005e0       ?setNbRunTimePrimitives@AABBTreeBuildNode@Gu@physx@@QEAAXI@Z 00000001800015e0 f i Cooking.obj
 0001:000005f0       ?takeOwnership@AABBTreeBounds@Gu@physx@@QEAAXXZ 00000001800015f0 f i Cooking.obj
 0001:00000600       PxAssembleDeformableVolumeMesh 0000000180001600 f   Cooking.obj
 0001:00000610       PxComputeCollisionData     0000000180001610 f   Cooking.obj
 0001:00000620       PxComputeHullPolygons      0000000180001620 f   Cooking.obj
 0001:00000630       PxComputeModelsMapping     0000000180001630 f   Cooking.obj
 0001:00000640       PxComputeSimulationData    0000000180001640 f   Cooking.obj
 0001:00000650       PxCookBVH                  0000000180001650 f   Cooking.obj
 0001:00000660       PxCookConvexMesh           0000000180001660 f   Cooking.obj
 0001:00000670       PxCookDeformableVolumeMesh 0000000180001670 f   Cooking.obj
 0001:00000680       PxCookHeightField          0000000180001680 f   Cooking.obj
 0001:00000690       PxCookTetrahedronMesh      0000000180001690 f   Cooking.obj
 0001:000006a0       PxCookTriangleMesh         00000001800016a0 f   Cooking.obj
 0001:000006b0       PxCreateBVH                00000001800016b0 f   Cooking.obj
 0001:000006c0       PxCreateBVHInternal        00000001800016c0 f   Cooking.obj
 0001:00000750       PxCreateConvexMesh         0000000180001750 f   Cooking.obj
 0001:00000760       PxCreateDeformableVolumeMesh 0000000180001760 f   Cooking.obj
 0001:00000770       PxCreateHeightField        0000000180001770 f   Cooking.obj
 0001:00000780       PxCreateTetrahedronMesh    0000000180001780 f   Cooking.obj
 0001:00000790       PxCreateTriangleMesh       0000000180001790 f   Cooking.obj
 0001:000007a0       PxCreateTriangleMeshInternal 00000001800017a0 f   Cooking.obj
 0001:00000830       PxGetStandaloneInsertionCallback 0000000180001830 f   Cooking.obj
 0001:00000840       PxValidateConvexMesh       0000000180001840 f   Cooking.obj
 0001:00000850       PxValidateTriangleMesh     0000000180001850 f   Cooking.obj
 0001:00000860       ?cookingDelayHook@@YAP6A_JXZIPEAUDelayLoadInfo@@@Z 0000000180001860 f   WindowsCookingDelayLoadHook.obj
 0001:00000940       PxSetPhysXCookingDelayLoadHook 0000000180001940 f   WindowsCookingDelayLoadHook.obj
 0001:00000948       getInsertionCallback       0000000180001948 f   PhysXCommon_64:PhysXCommon_64.dll
 0001:0000094e       __tailMerge_physxcommon_64_dll 000000018000194e     PhysXCommon_64:PhysXCommon_64.dll
 0001:000009c7       __imp_load_getInsertionCallback 00000001800019c7 f   PhysXCommon_64:PhysXCommon_64.dll
 0001:000009d3       cookBVH                    00000001800019d3 f   PhysXCommon_64:PhysXCommon_64.dll
 0001:000009d9       __imp_load_cookBVH         00000001800019d9 f   PhysXCommon_64:PhysXCommon_64.dll
 0001:000009e5       createBVH                  00000001800019e5 f   PhysXCommon_64:PhysXCommon_64.dll
 0001:000009eb       __imp_load_createBVH       00000001800019eb f   PhysXCommon_64:PhysXCommon_64.dll
 0001:000009f7       cookHeightField            00000001800019f7 f   PhysXCommon_64:PhysXCommon_64.dll
 0001:000009fd       __imp_load_cookHeightField 00000001800019fd f   PhysXCommon_64:PhysXCommon_64.dll
 0001:00000a09       createHeightField          0000000180001a09 f   PhysXCommon_64:PhysXCommon_64.dll
 0001:00000a0f       __imp_load_createHeightField 0000000180001a0f f   PhysXCommon_64:PhysXCommon_64.dll
 0001:00000a1b       cookConvexMesh             0000000180001a1b f   PhysXCommon_64:PhysXCommon_64.dll
 0001:00000a21       __imp_load_cookConvexMesh  0000000180001a21 f   PhysXCommon_64:PhysXCommon_64.dll
 0001:00000a2d       createConvexMesh           0000000180001a2d f   PhysXCommon_64:PhysXCommon_64.dll
 0001:00000a33       __imp_load_createConvexMesh 0000000180001a33 f   PhysXCommon_64:PhysXCommon_64.dll
 0001:00000a3f       validateConvexMesh         0000000180001a3f f   PhysXCommon_64:PhysXCommon_64.dll
 0001:00000a45       __imp_load_validateConvexMesh 0000000180001a45 f   PhysXCommon_64:PhysXCommon_64.dll
 0001:00000a51       computeHullPolygons        0000000180001a51 f   PhysXCommon_64:PhysXCommon_64.dll
 0001:00000a57       __imp_load_computeHullPolygons 0000000180001a57 f   PhysXCommon_64:PhysXCommon_64.dll
 0001:00000a63       validateTriangleMesh       0000000180001a63 f   PhysXCommon_64:PhysXCommon_64.dll
 0001:00000a69       __imp_load_validateTriangleMesh 0000000180001a69 f   PhysXCommon_64:PhysXCommon_64.dll
 0001:00000a75       createTriangleMesh         0000000180001a75 f   PhysXCommon_64:PhysXCommon_64.dll
 0001:00000a7b       __imp_load_createTriangleMesh 0000000180001a7b f   PhysXCommon_64:PhysXCommon_64.dll
 0001:00000a87       cookTriangleMesh           0000000180001a87 f   PhysXCommon_64:PhysXCommon_64.dll
 0001:00000a8d       __imp_load_cookTriangleMesh 0000000180001a8d f   PhysXCommon_64:PhysXCommon_64.dll
 0001:00000a99       cookTetrahedronMesh        0000000180001a99 f   PhysXCommon_64:PhysXCommon_64.dll
 0001:00000a9f       __imp_load_cookTetrahedronMesh 0000000180001a9f f   PhysXCommon_64:PhysXCommon_64.dll
 0001:00000aab       createTetrahedronMesh      0000000180001aab f   PhysXCommon_64:PhysXCommon_64.dll
 0001:00000ab1       __imp_load_createTetrahedronMesh 0000000180001ab1 f   PhysXCommon_64:PhysXCommon_64.dll
 0001:00000abd       cookDeformableVolumeMesh   0000000180001abd f   PhysXCommon_64:PhysXCommon_64.dll
 0001:00000ac3       __imp_load_cookDeformableVolumeMesh 0000000180001ac3 f   PhysXCommon_64:PhysXCommon_64.dll
 0001:00000acf       createDeformableVolumeMesh 0000000180001acf f   PhysXCommon_64:PhysXCommon_64.dll
 0001:00000ad5       __imp_load_createDeformableVolumeMesh 0000000180001ad5 f   PhysXCommon_64:PhysXCommon_64.dll
 0001:00000ae1       computeModelsMapping       0000000180001ae1 f   PhysXCommon_64:PhysXCommon_64.dll
 0001:00000ae7       __imp_load_computeModelsMapping 0000000180001ae7 f   PhysXCommon_64:PhysXCommon_64.dll
 0001:00000af3       computeCollisionData       0000000180001af3 f   PhysXCommon_64:PhysXCommon_64.dll
 0001:00000af9       __imp_load_computeCollisionData 0000000180001af9 f   PhysXCommon_64:PhysXCommon_64.dll
 0001:00000b05       computeSimulationData      0000000180001b05 f   PhysXCommon_64:PhysXCommon_64.dll
 0001:00000b0b       __imp_load_computeSimulationData 0000000180001b0b f   PhysXCommon_64:PhysXCommon_64.dll
 0001:00000b17       assembleDeformableVolumeMesh 0000000180001b17 f   PhysXCommon_64:PhysXCommon_64.dll
 0001:00000b1d       __imp_load_assembleDeformableVolumeMesh 0000000180001b1d f   PhysXCommon_64:PhysXCommon_64.dll
 0001:00000b29       ?release@AABBTreeBounds@Gu@physx@@QEAAXXZ 0000000180001b29 f   PhysXCommon_64:PhysXCommon_64.dll
 0001:00000b2f       __imp_load_?release@AABBTreeBounds@Gu@physx@@QEAAXXZ 0000000180001b2f f   PhysXCommon_64:PhysXCommon_64.dll
 0001:00000b3b       ??0BVH@Gu@physx@@QEAA@AEBUPxBVHInternalData@2@@Z 0000000180001b3b f   PhysXCommon_64:PhysXCommon_64.dll
 0001:00000b41       __imp_load_??0BVH@Gu@physx@@QEAA@AEBUPxBVHInternalData@2@@Z 0000000180001b41 f   PhysXCommon_64:PhysXCommon_64.dll
 0001:00000b4d       ??0BV4TriangleMesh@Gu@physx@@QEAA@AEBUPxTriangleMeshInternalData@2@@Z 0000000180001b4d f   PhysXCommon_64:PhysXCommon_64.dll
 0001:00000b53       __imp_load_??0BV4TriangleMesh@Gu@physx@@QEAA@AEBUPxTriangleMeshInternalData@2@@Z 0000000180001b53 f   PhysXCommon_64:PhysXCommon_64.dll
 0001:00000b5f       PxGetBroadcastAllocator    0000000180001b5f f   PhysXFoundation_64:PhysXFoundation_64.dll
 0001:00000b65       __tailMerge_physxfoundation_64_dll 0000000180001b65     PhysXFoundation_64:PhysXFoundation_64.dll
 0001:00000bde       __imp_load_PxGetBroadcastAllocator 0000000180001bde f   PhysXFoundation_64:PhysXFoundation_64.dll
 0001:00000bec       ?DloadAcquireSectionWriteAccess@@YAXXZ 0000000180001bec f i Delayimp:delayhlp.obj
 0001:00000c98       ?DloadGetSRWLockFunctionPointers@@YAEXZ 0000000180001c98 f i Delayimp:delayhlp.obj
 0001:00000d38       ?DloadMakePermanentImageCommit@@YAXPEAX_K@Z 0000000180001d38 f i Delayimp:delayhlp.obj
 0001:00000dd0       ?DloadObtainSection@@YAPEAXPEAK0@Z 0000000180001dd0 f i Delayimp:delayhlp.obj
 0001:00000e6c       ?DloadProtectSection@@YAXKPEAK@Z 0000000180001e6c f i Delayimp:delayhlp.obj
 0001:00000efc       ?DloadReleaseSectionWriteAccess@@YAXXZ 0000000180001efc f i Delayimp:delayhlp.obj
 0001:00000f90       __delayLoadHelper2         0000000180001f90 f   Delayimp:delayhlp.obj
 0001:00001268       ??3@YAXPEAX@Z              0000000180002268 f   LIBCMT:delete_scalar.obj
 0001:00001270       ??3@YAXPEAX_K@Z            0000000180002270 f   LIBCMT:delete_scalar_size.obj
 0001:00001270       ??_V@YAXPEAX@Z             0000000180002270 f   LIBCMT:delete_array.obj
 0001:00001278       ??_V@YAXPEAX_K@Z           0000000180002278 f   LIBCMT:delete_array_size.obj
 0001:00001280       ??_Etype_info@@UEAAPEAXI@Z 0000000180002280 f i LIBCMT:std_type_info_static.obj
 0001:00001280       ??_Gtype_info@@UEAAPEAXI@Z 0000000180002280 f i LIBCMT:std_type_info_static.obj
 0001:000012ac       ?__scrt_initialize_type_info@@YAXXZ 00000001800022ac f   LIBCMT:tncleanup.obj
 0001:000012bc       ?__scrt_uninitialize_type_info@@YAXXZ 00000001800022bc f   LIBCMT:tncleanup.obj
 0001:000015d8       _DllMainCRTStartup         00000001800025d8 f   LIBCMT:dll_dllmain.obj
 0001:00001618       __security_init_cookie     0000000180002618 f   LIBCMT:gs_support.obj
 0001:000016c4       ?length@charNode@@UEBAHXZ  00000001800026c4 f   libvcruntime:undname.obj
 0001:000016c4       ?raw_length@charNode@@UEBAHXZ 00000001800026c4 f   libvcruntime:undname.obj
 0001:000016c4       DllMain                    00000001800026c4 f   LIBCMT:dll_dllmain_stub.obj
 0001:000016c4       _get_startup_argv_mode     00000001800026c4 f   LIBCMT:argv_mode.obj
 0001:000016cc       __local_stdio_printf_options 00000001800026cc f i LIBCMT:default_local_stdio_options.obj
 0001:000016d4       __local_stdio_scanf_options 00000001800026d4 f i LIBCMT:default_local_stdio_options.obj
 0001:000016dc       __scrt_initialize_default_local_stdio_options 00000001800026dc f   LIBCMT:default_local_stdio_options.obj
 0001:000016f8       __scrt_acquire_startup_lock 00000001800026f8 f   LIBCMT:utility.obj
 0001:00001734       __scrt_dllmain_after_initialize_c 0000000180002734 f   LIBCMT:utility.obj
 0001:00001768       __scrt_dllmain_before_initialize_c 0000000180002768 f   LIBCMT:utility.obj
 0001:00001780       __scrt_dllmain_crt_thread_attach 0000000180002780 f   LIBCMT:utility.obj
 0001:000017a8       __scrt_dllmain_crt_thread_detach 00000001800027a8 f   LIBCMT:utility.obj
 0001:000017c0       __scrt_dllmain_exception_filter 00000001800027c0 f   LIBCMT:utility.obj
 0001:00001820       __scrt_dllmain_uninitialize_c 0000000180002820 f   LIBCMT:utility.obj
 0001:00001850       __scrt_dllmain_uninitialize_critical 0000000180002850 f   LIBCMT:utility.obj
 0001:00001864       __scrt_initialize_crt      0000000180002864 f   LIBCMT:utility.obj
 0001:000018a0       __scrt_initialize_onexit_tables 00000001800028a0 f   LIBCMT:utility.obj
 0001:0000192c       __scrt_is_nonwritable_in_current_image 000000018000292c f   LIBCMT:utility.obj
 0001:000019c4       __scrt_release_startup_lock 00000001800029c4 f   LIBCMT:utility.obj
 0001:000019e8       __scrt_uninitialize_crt    00000001800029e8 f   LIBCMT:utility.obj
 0001:00001a14       __scrt_get_dyn_tls_init_callback 0000000180002a14 f   LIBCMT:dyn_tls_init.obj
 0001:00001a1c       __crt_debugger_hook        0000000180002a1c f   LIBCMT:utility_desktop.obj
 0001:00001a24       __scrt_fastfail            0000000180002a24 f   LIBCMT:utility_desktop.obj
 0001:00001b6c       _RTC_Initialize            0000000180002b6c f   LIBCMT:initsect.obj
 0001:00001ba8       _RTC_Terminate             0000000180002ba8 f   LIBCMT:initsect.obj
 0001:00001bf0       __isa_available_init       0000000180002bf0 f   LIBCMT:cpu_disp.obj
 0001:00001ebc       __scrt_is_ucrt_dll_in_use  0000000180002ebc f   LIBCMT:ucrt_detection.obj
 0001:00001ec8       _get_purecall_handler      0000000180002ec8 f   libvcruntime:purevirt.obj
 0001:00001ed4       _purecall                  0000000180002ed4 f   libvcruntime:purevirt.obj
 0001:00001ef8       __std_type_info_compare    0000000180002ef8 f   libvcruntime:std_type_info.obj
 0001:00001f20       __std_type_info_destroy_list 0000000180002f20 f   libvcruntime:std_type_info.obj
 0001:00001f4c       __std_type_info_name       0000000180002f4c f   libvcruntime:std_type_info.obj
 0001:00002064       strstr                     0000000180003064 f   libvcruntime:strstr.obj
 0001:0000224c       __C_specific_handler       000000018000324c f   libvcruntime:riscchandler.obj
 0001:00002464       __vcrt_initialize          0000000180003464 f   libvcruntime:initialization.obj
 0001:0000248c       __vcrt_thread_attach       000000018000348c f   libvcruntime:initialization.obj
 0001:000024a0       __vcrt_thread_detach       00000001800034a0 f   libvcruntime:initialization.obj
 0001:000024b0       __vcrt_uninitialize        00000001800034b0 f   libvcruntime:initialization.obj
 0001:000024cc       __vcrt_uninitialize_critical 00000001800034cc f   libvcruntime:initialization.obj
 0001:000024dc       __DestructExceptionObject  00000001800034dc f   libvcruntime:ehhelpers.obj
 0001:0000254c       ?_CallMemberFunction0@@YAXQEAX0@Z 000000018000354c f i libvcruntime:ehhelpers.obj
 0001:00002550       _IsExceptionObjectToBeDestroyed 0000000180003550 f   libvcruntime:ehhelpers.obj
 0001:00002580       __AdjustPointer            0000000180003580 f   libvcruntime:ehhelpers.obj
 0001:000025a4       __FrameUnwindFilter        00000001800035a4 f   libvcruntime:ehhelpers.obj
 0001:0000260c       __std_terminate            000000018000360c f   libvcruntime:ehhelpers.obj
 0001:00002620       ??$?0$00@DName@@QEAA@PEBDU?$StringLifeSelector@$00@@@Z 0000000180003620 f i libvcruntime:undname.obj
 0001:00002660       ??$?0$01@DName@@QEAA@PEBDU?$StringLifeSelector@$01@@@Z 0000000180003660 f i libvcruntime:undname.obj
 0001:00002660       ??$?0$0A@@DName@@QEAA@PEBDU?$StringLifeSelector@$0A@@@@Z 0000000180003660 f i libvcruntime:undname.obj
 0001:000026a0       ??$?0$01@pcharNode@@QEAA@PEBDHU?$StringLifeSelector@$01@@@Z 00000001800036a0 f i libvcruntime:undname.obj
 0001:000026a0       ??$?0$0A@@pcharNode@@QEAA@PEBDHU?$StringLifeSelector@$0A@@@@Z 00000001800036a0 f i libvcruntime:undname.obj
 0001:00002714       ??$append@VDNameNode@@@DName@@AEAAXPEBVDNameNode@@@Z 0000000180003714 f i libvcruntime:undname.obj
 0001:00002714       ??$append@VDNameStatusNode@@@DName@@AEAAXPEBVDNameStatusNode@@@Z 0000000180003714 f i libvcruntime:undname.obj
 0001:00002714       ??$append@VcharNode@@@DName@@AEAAXPEBVcharNode@@@Z 0000000180003714 f i libvcruntime:undname.obj
 0001:00002714       ??$append@VpcharNode@@@DName@@AEAAXPEBVpcharNode@@@Z 0000000180003714 f i libvcruntime:undname.obj
 0001:00002778       ??$doPchar@$00@DName@@AEAAXPEBDH@Z 0000000180003778 f i libvcruntime:undname.obj
 0001:00002810       ??$doPchar@$01@DName@@AEAAXPEBDH@Z 0000000180003810 f i libvcruntime:undname.obj
 0001:00002810       ??$doPchar@$0A@@DName@@AEAAXPEBDH@Z 0000000180003810 f i libvcruntime:undname.obj
 0001:000028a8       ??0DName@@QEAA@AEAPEBDD@Z  00000001800038a8 f   libvcruntime:undname.obj
 0001:0000295c       ??0DName@@QEAA@AEBUStringLiteral@@@Z 000000018000395c f   libvcruntime:undname.obj
 0001:00002988       ??0DName@@QEAA@PEAV0@@Z    0000000180003988 f   libvcruntime:undname.obj
 0001:00002a0c       ??0DName@@QEAA@_J@Z        0000000180003a0c f   libvcruntime:undname.obj
 0001:00002ab0       ??0DName@@QEAA@_K@Z        0000000180003ab0 f   libvcruntime:undname.obj
 0001:00002b38       ??0UnDecorator@@QEAA@PEBDP6APEADJ@ZK@Z 0000000180003b38 f i libvcruntime:undname.obj
 0001:00002bec       ??2@YAPEAX_KAEAV_HeapManager@@H@Z 0000000180003bec f   libvcruntime:undname.obj
 0001:00002c18       ??4DName@@QEAAAEAV0@W4DNameStatus@@@Z 0000000180003c18 f   libvcruntime:undname.obj
 0001:00002c48       ??AReplicator@@QEBA?AVDName@@H@Z 0000000180003c48 f   libvcruntime:undname.obj
 0001:00002c88       ??HDName@@QEBA?AV0@AEBUStringLiteral@@@Z 0000000180003c88 f   libvcruntime:undname.obj
 0001:00002cb4       ??HDName@@QEBA?AV0@AEBV0@@Z 0000000180003cb4 f   libvcruntime:undname.obj
 0001:00002ce0       ??HDName@@QEBA?AV0@D@Z     0000000180003ce0 f   libvcruntime:undname.obj
 0001:00002d0c       ??HDName@@QEBA?AV0@W4DNameStatus@@@Z 0000000180003d0c f   libvcruntime:undname.obj
 0001:00002d38       ??YDName@@QEAAAEAV0@AEBUStringLiteral@@@Z 0000000180003d38 f   libvcruntime:undname.obj
 0001:00002db8       ??YDName@@QEAAAEAV0@AEBV0@@Z 0000000180003db8 f   libvcruntime:undname.obj
 0001:00002e10       ??YDName@@QEAAAEAV0@D@Z    0000000180003e10 f   libvcruntime:undname.obj
 0001:00002e7c       ??YDName@@QEAAAEAV0@W4DNameStatus@@@Z 0000000180003e7c f   libvcruntime:undname.obj
 0001:00002ed4       ??YReplicator@@QEAAAEAV0@AEBVDName@@@Z 0000000180003ed4 f   libvcruntime:undname.obj
 0001:00002f2c       ?UScore@UnDecorator@@SA?AUStringLiteral@@W4Tokens@@@Z 0000000180003f2c f   libvcruntime:undname.obj
 0001:00002f78       ?composeDeclaration@UnDecorator@@CA?AVDName@@AEBV2@@Z 0000000180003f78 f i libvcruntime:undname.obj
 0001:00003f34       ?doPchar@DName@@AEAAXD@Z   0000000180004f34 f   libvcruntime:undname.obj
 0001:00003f84       ?getAddressOf@UnDecorator@@CA?AVDName@@XZ 0000000180004f84 f   libvcruntime:undname.obj
 0001:00004014       ?getArgumentList@UnDecorator@@CA?AVDName@@XZ 0000000180005014 f   libvcruntime:undname.obj
 0001:00004198       ?getArgumentTypes@UnDecorator@@CA?AVDName@@XZ 0000000180005198 f   libvcruntime:undname.obj
 0001:000042e4       ?getArrayAccess@UnDecorator@@CA?AVDName@@XZ 00000001800052e4 f   libvcruntime:undname.obj
 0001:00004380       ?getArrayObject@UnDecorator@@CA?AVDName@@XZ 0000000180005380 f   libvcruntime:undname.obj
 0001:00004450       ?getArrayType@UnDecorator@@CA?AVDName@@AEBV2@@Z 0000000180005450 f i libvcruntime:undname.obj
 0001:000046ac       ?getBasedType@UnDecorator@@CA?AVDName@@XZ 00000001800056ac f   libvcruntime:undname.obj
 0001:000047a4       ?getBasicDataType@UnDecorator@@CA?AVDName@@AEBV2@@Z 00000001800057a4 f   libvcruntime:undname.obj
 0001:00004da4       ?getCallingConvention@UnDecorator@@CA?AVDName@@XZ 0000000180005da4 f   libvcruntime:undname.obj
 0001:00004ec4       ?getDataIndirectType@UnDecorator@@CA?AVDName@@AEBV2@W4IndirectionKind@@0H@Z 0000000180005ec4 f   libvcruntime:undname.obj
 0001:0000580c       ?getDataType@UnDecorator@@CA?AVDName@@PEAV2@@Z 000000018000680c f   libvcruntime:undname.obj
 0001:00005920       ?getDecoratedName@UnDecorator@@CA?AVDName@@XZ 0000000180006920 f   libvcruntime:undname.obj
 0001:00005c08       ?getDimension@UnDecorator@@CA?AVDName@@_N@Z 0000000180006c08 f   libvcruntime:undname.obj
 0001:00005d50       ?getDispatchTarget@UnDecorator@@CA?AVDName@@XZ 0000000180006d50 f   libvcruntime:undname.obj
 0001:00005db0       ?getECSUDataType@UnDecorator@@CA?AVDName@@XZ 0000000180006db0 f   libvcruntime:undname.obj
 0001:00005fac       ?getEnumType@UnDecorator@@CA?AVDName@@XZ 0000000180006fac f i libvcruntime:undname.obj
 0001:000060d4       ?getExtendedDataIndirectType@UnDecorator@@CA?AVDName@@AEAW4IndirectionKind@@AEA_NH@Z 00000001800070d4 f   libvcruntime:undname.obj
 0001:00006340       ?getExternalDataType@UnDecorator@@CA?AVDName@@AEBV2@@Z 0000000180007340 f i libvcruntime:undname.obj
 0001:00006400       ?getFloatingPoint@UnDecorator@@CA?AVDName@@H@Z 0000000180007400 f   libvcruntime:undname.obj
 0001:00006568       ?getFunctionIndirectType@UnDecorator@@CA?AVDName@@AEBV2@@Z 0000000180007568 f   libvcruntime:undname.obj
 0001:00006a9c       ?getLastChar@DNameStatusNode@@UEBADXZ 0000000180007a9c f i libvcruntime:undname.obj
 0001:00006aa8       ?getLastChar@charNode@@UEBADXZ 0000000180007aa8 f i libvcruntime:undname.obj
 0001:00006aac       ?getLastChar@pDNameNode@@UEBADXZ 0000000180007aac f i libvcruntime:undname.obj
 0001:00006ad8       ?getLastChar@pairNode@@UEBADXZ 0000000180007ad8 f i libvcruntime:undname.obj
 0001:00006b10       ?getLastChar@pcharNode@@UEBADXZ 0000000180007b10 f i libvcruntime:undname.obj
 0001:00006b24       ?getLexicalFrame@UnDecorator@@CA?AVDName@@XZ 0000000180007b24 f i libvcruntime:undname.obj
 0001:00006b88       ?getMemberAccess@UnDecorator@@CA?AVDName@@XZ 0000000180007b88 f   libvcruntime:undname.obj
 0001:00006c1c       ?getMemoryWithBuffer@_HeapManager@@QEAAPEAX_K@Z 0000000180007c1c f   libvcruntime:undname.obj
 0001:00006cac       ?getNoexcept@UnDecorator@@CA?AVDName@@XZ 0000000180007cac f   libvcruntime:undname.obj
 0001:00006d10       ?getNumberOfDimensions@UnDecorator@@CAHXZ 0000000180007d10 f   libvcruntime:undname.obj
 0001:00006d6c       ?getOperatorName@UnDecorator@@CA?AVDName@@_NPEA_N@Z 0000000180007d6c f i libvcruntime:undname.obj
 0001:00007708       ?getPointerToMember@UnDecorator@@CA?AVDName@@XZ 0000000180008708 f   libvcruntime:undname.obj
 0001:00007800       ?getPrimaryDataType@UnDecorator@@CA?AVDName@@AEBV2@@Z 0000000180008800 f   libvcruntime:undname.obj
 0001:00007ab8       ?getPtrRefDataType@UnDecorator@@CA?AVDName@@AEBV2@H@Z 0000000180008ab8 f   libvcruntime:undname.obj
 0001:00007c84       ?getPtrRefType@UnDecorator@@CA?AVDName@@AEBV2@0W4IndirectionKind@@@Z 0000000180008c84 f   libvcruntime:undname.obj
 0001:00007e6c       ?getRestrictionSpec@UnDecorator@@CA?AVDName@@XZ 0000000180008e6c f   libvcruntime:undname.obj
 0001:00008048       ?getReturnType@UnDecorator@@CA?AVDName@@PEAV2@@Z 0000000180009048 f   libvcruntime:undname.obj
 0001:0000807c       ?getScope@UnDecorator@@CA?AVDName@@XZ 000000018000907c f   libvcruntime:undname.obj
 0001:00008534       ?getScopedName@UnDecorator@@CA?AVDName@@XZ 0000000180009534 f   libvcruntime:undname.obj
 0001:00008678       ?getSignedDimension@UnDecorator@@CA?AVDName@@XZ 0000000180009678 f   libvcruntime:undname.obj
 0001:00008700       ?getString@DNameStatusNode@@UEBAPEADPEAD0@Z 0000000180009700 f i libvcruntime:undname.obj
 0001:00008748       ?getString@charNode@@UEBAPEADPEAD0@Z 0000000180009748 f i libvcruntime:undname.obj
 0001:0000875c       ?getString@pDNameNode@@UEBAPEADPEAD0@Z 000000018000975c f i libvcruntime:undname.obj
 0001:0000878c       ?getString@pairNode@@UEBAPEADPEAD0@Z 000000018000978c f i libvcruntime:undname.obj
 0001:000087d8       ?getString@pcharNode@@UEBAPEADPEAD0@Z 00000001800097d8 f i libvcruntime:undname.obj
 0001:00008810       ?getStringEncoding@UnDecorator@@CA?AVDName@@W4PrefixKind@@H@Z 0000000180009810 f   libvcruntime:undname.obj
 0001:00008920       ?getStringObject@UnDecorator@@CA?AVDName@@XZ 0000000180009920 f   libvcruntime:undname.obj
 0001:000089b0       ?getSymbolName@UnDecorator@@CA?AVDName@@XZ 00000001800099b0 f i libvcruntime:undname.obj
 0001:000089fc       ?getTemplateArgumentList@UnDecorator@@CA?AVDName@@XZ 00000001800099fc f   libvcruntime:undname.obj
 0001:00008c1c       ?getTemplateName@UnDecorator@@CA?AVDName@@_N@Z 0000000180009c1c f   libvcruntime:undname.obj
 0001:00008ecc       ?getTemplateNonTypeArgument@UnDecorator@@CA?AVDName@@XZ 0000000180009ecc f   libvcruntime:undname.obj
 0001:0000941c       ?getTemplateTypeArgument@UnDecorator@@CA?AVDName@@XZ 000000018000a41c f   libvcruntime:undname.obj
 0001:00009584       ?getThrowTypes@UnDecorator@@CA?AVDName@@XZ 000000018000a584 f   libvcruntime:undname.obj
 0001:000095a8       ?getTypeEncoding@UnDecorator@@CAHXZ 000000018000a5a8 f i libvcruntime:undname.obj
 0001:00009964       ?getUndecoratedName@UnDecorator@@QEAAPEADPEADH@Z 000000018000a964 f i libvcruntime:undname.obj
 0001:00009ac4       ?getUnionObject@UnDecorator@@CA?AVDName@@XZ 000000018000aac4 f   libvcruntime:undname.obj
 0001:00009b9c       ?getVCallThunkType@UnDecorator@@CA?AVDName@@XZ 000000018000ab9c f i libvcruntime:undname.obj
 0001:00009c14       ?getValue@UnDecorator@@CA?AV?$optional@_K@std@@XZ 000000018000ac14 f   libvcruntime:undname.obj
 0001:00009c58       ?getValueObject@UnDecorator@@CA?AVDName@@XZ 000000018000ac58 f   libvcruntime:undname.obj
 0001:00009ddc       ?getVdispMapType@UnDecorator@@CA?AVDName@@AEBV2@@Z 000000018000addc f i libvcruntime:undname.obj
 0001:00009e58       ?getVfTableType@UnDecorator@@CA?AVDName@@AEBV2@@Z 000000018000ae58 f i libvcruntime:undname.obj
 0001:0000a064       ?getZName@UnDecorator@@CA?AVDName@@_N0@Z 000000018000b064 f   libvcruntime:undname.obj
 0001:0000a338       ?length@DNameStatusNode@@UEBAHXZ 000000018000b338 f i libvcruntime:undname.obj
 0001:0000a338       ?raw_length@DNameStatusNode@@UEBAHXZ 000000018000b338 f i libvcruntime:undname.obj
 0001:0000a33c       ?length@pDNameNode@@UEBAHXZ 000000018000b33c f i libvcruntime:undname.obj
 0001:0000a364       ?length@pairNode@@UEBAHXZ  000000018000b364 f i libvcruntime:undname.obj
 0001:0000a3ac       ?length@pcharNode@@UEBAHXZ 000000018000b3ac f i libvcruntime:undname.obj
 0001:0000a3ac       ?raw_length@pcharNode@@UEBAHXZ 000000018000b3ac f i libvcruntime:undname.obj
 0001:0000a3b0       ?parseDecoratedName@UnDecorator@@CA?AVDName@@XZ 000000018000b3b0 f   libvcruntime:undname.obj
 0001:0000a4c8       ?raw_length@pDNameNode@@UEBAHXZ 000000018000b4c8 f i libvcruntime:undname.obj
 0001:0000a4cc       ?raw_length@pairNode@@UEBAHXZ 000000018000b4cc f i libvcruntime:undname.obj
 0001:0000a4d0       __unDName                  000000018000b4d0 f   libvcruntime:undname.obj
 0001:0000a4f8       __unDNameEx                000000018000b4f8 f   libvcruntime:undname.obj
 0001:0000a5e8       snprintf                   000000018000b5e8 f i libvcruntime:undname.obj
 0001:0000a640       sprintf_s                  000000018000b640 f i libvcruntime:undname.obj
 0001:0000a6d0       _NLG_Notify                000000018000b6d0 f   libvcruntime:notify.obj
 0001:0000a6f0       __NLG_Dispatch2            000000018000b6f0 f   libvcruntime:notify.obj
 0001:0000a700       __NLG_Return2              000000018000b700 f   libvcruntime:notify.obj
 0001:0000a704       __except_validate_context_record 000000018000b704 f   libvcruntime:jbcxrval.obj
 0001:0000a740       __vcrt_freefls             000000018000b740 f   libvcruntime:per_thread_data.obj
 0001:0000a760       __vcrt_freeptd_for_this_thread 000000018000b760 f   libvcruntime:per_thread_data.obj
 0001:0000a7a8       __vcrt_getptd              000000018000b7a8 f   libvcruntime:per_thread_data.obj
 0001:0000a7c4       __vcrt_getptd_noexit       000000018000b7c4 f   libvcruntime:per_thread_data.obj
 0001:0000a884       __vcrt_initialize_ptd      000000018000b884 f   libvcruntime:per_thread_data.obj
 0001:0000a8cc       __vcrt_uninitialize_ptd    000000018000b8cc f   libvcruntime:per_thread_data.obj
 0001:0000a8f0       __vcrt_initialize_locks    000000018000b8f0 f   libvcruntime:locks.obj
 0001:0000a938       __vcrt_lock                000000018000b938 f   libvcruntime:locks.obj
 0001:0000a954       __vcrt_uninitialize_locks  000000018000b954 f   libvcruntime:locks.obj
 0001:0000a98c       __vcrt_unlock              000000018000b98c f   libvcruntime:locks.obj
 0001:0000a9a8       ??$_CallSETranslator@V__FrameHandler3@@@@YAHPEAUEHExceptionRecord@@PEA_KPEAU_CONTEXT@@PEAU_xDISPATCHER_CONTEXT@@PEBU_s_FuncInfo@@K1H@Z 000000018000b9a8 f i libvcruntime:risctrnsctrl.obj
 0001:0000a9fc       ??$_CallSETranslator@V__FrameHandler4@@@@YAHPEAUEHExceptionRecord@@PEA_KPEAU_CONTEXT@@PEAU_xDISPATCHER_CONTEXT@@PEAUFuncInfo4@FH4@@K1H@Z 000000018000b9fc f i libvcruntime:risctrnsctrl.obj
 0001:0000aa50       ?CatchTryBlock@__FrameHandler3@@SAPEBU_s_TryBlockMapEntry@@PEBU_s_FuncInfo@@H@Z 000000018000ba50 f   libvcruntime:risctrnsctrl.obj
 0001:0000aab4       ?DecompFuncInfo@FH4@@YA_JPEAEAEAUFuncInfo4@1@_KH_N@Z 000000018000bab4 f i libvcruntime:risctrnsctrl.obj
 0001:0000abec       ?ExecutionInCatch@__FrameHandler3@@SA_NPEAU_xDISPATCHER_CONTEXT@@PEBU_s_FuncInfo@@@Z 000000018000bbec f   libvcruntime:risctrnsctrl.obj
 0001:0000ac18       ?ExecutionInCatch@__FrameHandler4@@SA_NPEAU_xDISPATCHER_CONTEXT@@PEAUFuncInfo4@FH4@@@Z 000000018000bc18 f   libvcruntime:risctrnsctrl.obj
 0001:0000ac20       ?FrameUnwindToEmptyState@__FrameHandler3@@SAXPEA_KPEAU_xDISPATCHER_CONTEXT@@PEBU_s_FuncInfo@@@Z 000000018000bc20 f   libvcruntime:risctrnsctrl.obj
 0001:0000ac84       ?FrameUnwindToEmptyState@__FrameHandler4@@SAXPEA_KPEAU_xDISPATCHER_CONTEXT@@PEAUFuncInfo4@FH4@@@Z 000000018000bc84 f   libvcruntime:risctrnsctrl.obj
 0001:0000acb8       ?GetEstablisherFrame@__FrameHandler3@@SAPEA_KPEA_KPEAU_xDISPATCHER_CONTEXT@@PEBU_s_FuncInfo@@0@Z 000000018000bcb8 f   libvcruntime:risctrnsctrl.obj
 0001:0000ad88       ?GetEstablisherFrame@__FrameHandler4@@SAPEA_KPEA_KPEAU_xDISPATCHER_CONTEXT@@PEAUFuncInfo4@FH4@@0@Z 000000018000bd88 f   libvcruntime:risctrnsctrl.obj
 0001:0000adac       ?GetRangeOfTrysToCheck@__FrameHandler3@@SA?AU?$pair@Viterator@TryBlockMap@__FrameHandler3@@V123@@std@@AEAVTryBlockMap@1@HPEAU_xDISPATCHER_CONTEXT@@PEBU_s_FuncInfo@@H@Z 000000018000bdac f   libvcruntime:risctrnsctrl.obj
 0001:0000aee0       ?GetRangeOfTrysToCheck@__FrameHandler4@@SA?AU?$pair@Viterator@TryBlockMap4@FH4@@V123@@std@@AEAVTryBlockMap4@FH4@@HPEAU_xDISPATCHER_CONTEXT@@PEAUFuncInfo4@5@H@Z 000000018000bee0 f   libvcruntime:risctrnsctrl.obj
 0001:0000b04c       ?UnwindNestedFrames@__FrameHandler3@@SAXPEA_KPEAUEHExceptionRecord@@PEAU_CONTEXT@@0PEAXPEBU_s_FuncInfo@@HHPEBU_s_HandlerType@@PEAU_xDISPATCHER_CONTEXT@@E@Z 000000018000c04c f   libvcruntime:risctrnsctrl.obj
 0001:0000b150       ?UnwindNestedFrames@__FrameHandler4@@SAXPEA_KPEAUEHExceptionRecord@@PEAU_CONTEXT@@0PEAXPEAUFuncInfo4@FH4@@HHPEAUHandlerType4@5@PEAU_xDISPATCHER_CONTEXT@@E@Z 000000018000c150 f   libvcruntime:risctrnsctrl.obj
 0001:0000b270       ?setBuffer@TryBlockMap4@FH4@@QEAAXViterator@12@@Z 000000018000c270 f i libvcruntime:risctrnsctrl.obj
 0001:0000b434       _CreateFrameInfo           000000018000c434 f   libvcruntime:risctrnsctrl.obj
 0001:0000b470       _FindAndUnlinkFrame        000000018000c470 f   libvcruntime:risctrnsctrl.obj
 0001:0000b4c4       _GetImageBase              000000018000c4c4 f   libvcruntime:risctrnsctrl.obj
 0001:0000b4d8       _GetThrowImageBase         000000018000c4d8 f   libvcruntime:risctrnsctrl.obj
 0001:0000b4ec       _SetImageBase              000000018000c4ec f   libvcruntime:risctrnsctrl.obj
 0001:0000b504       _SetThrowImageBase         000000018000c504 f   libvcruntime:risctrnsctrl.obj
 0001:0000b51c       __CxxFrameHandler3         000000018000c51c f   libvcruntime:risctrnsctrl.obj
 0001:0000b5a4       __CxxFrameHandler4         000000018000c5a4 f   libvcruntime:risctrnsctrl.obj
 0001:0000b7b4       __vcrt_FlsAlloc            000000018000c7b4 f   libvcruntime:winapi_downlevel.obj
 0001:0000b7fc       __vcrt_FlsFree             000000018000c7fc f   libvcruntime:winapi_downlevel.obj
 0001:0000b844       __vcrt_FlsGetValue         000000018000c844 f   libvcruntime:winapi_downlevel.obj
 0001:0000b88c       __vcrt_FlsSetValue         000000018000c88c f   libvcruntime:winapi_downlevel.obj
 0001:0000b8e0       __vcrt_InitializeCriticalSectionEx 000000018000c8e0 f   libvcruntime:winapi_downlevel.obj
 0001:0000b944       ?GetCurrentState@__FrameHandler3@@SAHPEA_KPEAU_xDISPATCHER_CONTEXT@@PEBU_s_FuncInfo@@@Z 000000018000c944 f   libvcruntime:ehstate.obj
 0001:0000b96c       ?GetUnwindTryBlock@__FrameHandler3@@SAHPEA_KPEAU_xDISPATCHER_CONTEXT@@PEBU_s_FuncInfo@@@Z 000000018000c96c f   libvcruntime:ehstate.obj
 0001:0000b998       ?SetState@__FrameHandler3@@SAXPEA_KPEBU_s_FuncInfo@@H@Z 000000018000c998 f   libvcruntime:ehstate.obj
 0001:0000b9a4       ?SetUnwindTryBlock@__FrameHandler3@@SAXPEA_KPEAU_xDISPATCHER_CONTEXT@@PEBU_s_FuncInfo@@H@Z 000000018000c9a4 f   libvcruntime:ehstate.obj
 0001:0000b9e0       ?StateFromControlPc@__FrameHandler3@@SAHPEBU_s_FuncInfo@@PEAU_xDISPATCHER_CONTEXT@@@Z 000000018000c9e0 f   libvcruntime:ehstate.obj
 0001:0000b9e8       ?StateFromControlPc@__FrameHandler4@@SAHPEAUFuncInfo4@FH4@@PEAU_xDISPATCHER_CONTEXT@@@Z 000000018000c9e8 f   libvcruntime:ehstate.obj
 0001:0000b9f0       ?StateFromIp@__FrameHandler3@@SAHPEBU_s_FuncInfo@@PEAU_xDISPATCHER_CONTEXT@@_K@Z 000000018000c9f0 f   libvcruntime:ehstate.obj
 0001:0000ba58       ?StateFromIp@__FrameHandler4@@SAHPEAUFuncInfo4@FH4@@PEAU_xDISPATCHER_CONTEXT@@_K@Z 000000018000ca58 f   libvcruntime:ehstate.obj
 0001:0000d1b0       ??$TypeMatchHelper@V__FrameHandler3@@@@YAHPEBU_s_HandlerType@@PEBU_s_CatchableType@@PEBU_s_ThrowInfo@@@Z 000000018000e1b0 f i libvcruntime:frame.obj
 0001:0000d2f0       ??$TypeMatchHelper@V__FrameHandler4@@@@YAHPEAUHandlerType4@FH4@@PEBU_s_CatchableType@@PEBU_s_ThrowInfo@@@Z 000000018000e2f0 f i libvcruntime:frame.obj
 0001:0000d43c       ??$__InternalCxxFrameHandler@V__FrameHandler3@@@@YA?AW4_EXCEPTION_DISPOSITION@@PEAUEHExceptionRecord@@PEA_KPEAU_CONTEXT@@PEAU_xDISPATCHER_CONTEXT@@PEBU_s_FuncInfo@@H1E@Z 000000018000e43c f i libvcruntime:frame.obj
 0001:0000d674       ??$__InternalCxxFrameHandler@V__FrameHandler4@@@@YA?AW4_EXCEPTION_DISPOSITION@@PEAUEHExceptionRecord@@PEA_KPEAU_CONTEXT@@PEAU_xDISPATCHER_CONTEXT@@PEAUFuncInfo4@FH4@@H1E@Z 000000018000e674 f i libvcruntime:frame.obj
 0001:0000d908       ??$__InternalCxxFrameHandlerWrapper@V__FrameHandler3@@@@YA?AW4_EXCEPTION_DISPOSITION@@PEAUEHExceptionRecord@@PEA_KPEAU_CONTEXT@@PEAU_xDISPATCHER_CONTEXT@@PEBU_s_FuncInfo@@H1E@Z 000000018000e908 f i libvcruntime:frame.obj
 0001:0000d910       ??$__InternalCxxFrameHandlerWrapper@V__FrameHandler4@@@@YA?AW4_EXCEPTION_DISPOSITION@@PEAUEHExceptionRecord@@PEA_KPEAU_CONTEXT@@PEAU_xDISPATCHER_CONTEXT@@PEAUFuncInfo4@FH4@@H1E@Z 000000018000e910 f i libvcruntime:frame.obj
 0001:0000d95c       ??0HandlerMap4@FH4@@QEAA@PEBUTryBlockMapEntry4@1@_KH@Z 000000018000e95c f i libvcruntime:frame.obj
 0001:0000d9e0       ??0TryBlockMap4@FH4@@QEAA@PEBUFuncInfo4@1@_K@Z 000000018000e9e0 f i libvcruntime:frame.obj
 0001:0000dac4       ??0bad_exception@std@@QEAA@AEBV01@@Z 000000018000eac4 f i libvcruntime:frame.obj
 0001:0000db00       ??0bad_exception@std@@QEAA@XZ 000000018000eb00 f i libvcruntime:frame.obj
 0001:0000db20       ??0exception@std@@QEAA@AEBV01@@Z 000000018000eb20 f i libvcruntime:frame.obj
 0001:0000db54       ??1bad_exception@std@@UEAA@XZ 000000018000eb54 f i libvcruntime:frame.obj
 0001:0000db68       ??_Ebad_exception@std@@UEAAPEAXI@Z 000000018000eb68 f i libvcruntime:frame.obj
 0001:0000db68       ??_Eexception@std@@UEAAPEAXI@Z 000000018000eb68 f i libvcruntime:frame.obj
 0001:0000db68       ??_Gbad_exception@std@@UEAAPEAXI@Z 000000018000eb68 f i libvcruntime:frame.obj
 0001:0000db68       ??_Gexception@std@@UEAAPEAXI@Z 000000018000eb68 f i libvcruntime:frame.obj
 0001:0000dbac       ?CxxCallCatchBlock@__FrameHandler3@@SAPEAXPEAU_EXCEPTION_RECORD@@@Z 000000018000ebac f   libvcruntime:frame.obj
 0001:0000dd98       ?CxxCallCatchBlock@__FrameHandler4@@SAPEAXPEAU_EXCEPTION_RECORD@@@Z 000000018000ed98 f   libvcruntime:frame.obj
 0001:0000dfe8       ?DecompHandler@HandlerMap4@FH4@@AEAAXXZ 000000018000efe8 f i libvcruntime:frame.obj
 0001:0000e230       ?FrameUnwindToState@__FrameHandler3@@SAXPEA_KPEAU_xDISPATCHER_CONTEXT@@PEBU_s_FuncInfo@@H@Z 000000018000f230 f   libvcruntime:frame.obj
 0001:0000e3bc       ?FrameUnwindToState@__FrameHandler4@@SAXPEA_KPEAU_xDISPATCHER_CONTEXT@@PEAUFuncInfo4@FH4@@H@Z 000000018000f3bc f   libvcruntime:frame.obj
 0001:0000e6c4       ?GetHandlerSearchState@__FrameHandler3@@SAHPEA_KPEAU_xDISPATCHER_CONTEXT@@PEBU_s_FuncInfo@@@Z 000000018000f6c4 f i libvcruntime:frame.obj
 0001:0000e8d4       ?ReadEntry@UWMap4@FH4@@AEAAXPEAPEAE@Z 000000018000f8d4 f i libvcruntime:frame.obj
 0001:0000e970       ?_CallMemberFunction1@@YAXQEAX00@Z 000000018000f970 f i libvcruntime:frame.obj
 0001:0000e97c       ?_CallMemberFunction2@@YAXQEAX00H@Z 000000018000f97c f i libvcruntime:frame.obj
 0001:0000e98c       ?getStartStop@UWMap4@FH4@@QEAAXHHAEAViterator@12@0@Z 000000018000f98c f i libvcruntime:frame.obj
 0001:0000ea5c       ?getStateFromIterators@UWMap4@FH4@@SAHAEBViterator@12@H0H0@Z 000000018000fa5c f i libvcruntime:frame.obj
 0001:0000eb0c       ?what@exception@std@@UEBAPEBDXZ 000000018000fb0c f i libvcruntime:frame.obj
 0001:0000eb60       _CallSettingFrame          000000018000fb60 f   libvcruntime:handlers.obj
 0001:0000eba0       _CallSettingFrame_LookupContinuationIndex 000000018000fba0 f   libvcruntime:handlers.obj
 0001:0000ebd0       _CallSettingFrame_NotifyContinuationAddr 000000018000fbd0 f   libvcruntime:handlers.obj
 0001:0000ec00       _CallSettingFrameEncoded   000000018000fc00 f   libvcruntime:handlers.obj
 0001:0000ec48       __std_exception_copy       000000018000fc48 f   libvcruntime:std_exception.obj
 0001:0000ecd8       __std_exception_destroy    000000018000fcd8 f   libvcruntime:std_exception.obj
 0001:0000ed00       _CxxThrowException         000000018000fd00 f   libvcruntime:throw.obj
 0001:0000eda8       free                       000000018000fda8 f   libucrt:free.obj
 0001:0000edbc       _initterm                  000000018000fdbc f   libucrt:initterm.obj
 0001:0000ee00       _initterm_e                000000018000fe00 f   libucrt:initterm.obj
 0001:0000ee48       _seh_filter_dll            000000018000fe48 f   libucrt:exception_filter.obj
 0001:0000ee5c       _seh_filter_exe            000000018000fe5c f   libucrt:exception_filter.obj
 0001:0000f274       __acrt_initialize_thread_local_exit_callback 0000000180010274 f   libucrt:exit.obj
 0001:0000f27c       _cexit                     000000018001027c f   libucrt:exit.obj
 0001:0000f28c       _exit                      000000018001028c f   libucrt:exit.obj
 0001:0000f298       _is_c_termination_complete 0000000180010298 f   libucrt:exit.obj
 0001:0000f468       __acrt_allocate_buffer_for_argv 0000000180010468 f   libucrt:argv_parsing.obj
 0001:0000f4c8       _configure_narrow_argv     00000001800104c8 f   libucrt:argv_parsing.obj
 0001:0000f850       __dcrt_uninitialize_environments_nolock 0000000180010850 f   libucrt:environment_initialization.obj
 0001:0000f894       _initialize_narrow_environment 0000000180010894 f   libucrt:environment_initialization.obj
 0001:0000f9f8       _execute_onexit_table      00000001800109f8 f   libucrt:onexit.obj
 0001:0000fa3c       _initialize_onexit_table   0000000180010a3c f   libucrt:onexit.obj
 0001:0000fa9c       __acrt_uninitialize_command_line 0000000180010a9c f   libucrt:argv_data.obj
 0001:0000fb94       __acrt_initialize          0000000180010b94 f   libucrt:initialization.obj
 0001:0000fba8       __acrt_thread_attach       0000000180010ba8 f   libucrt:initialization.obj
 0001:0000fbbc       __acrt_thread_detach       0000000180010bbc f   libucrt:initialization.obj
 0001:0000fbcc       __acrt_uninitialize        0000000180010bcc f   libucrt:initialization.obj
 0001:0000fc04       __acrt_uninitialize_critical 0000000180010c04 f   libucrt:initialization.obj
 0001:0000fc14       terminate                  0000000180010c14 f   libucrt:terminate.obj
 0001:0000fc40       abort                      0000000180010c40 f   libucrt:abort.obj
 0001:0000fc98       malloc                     0000000180010c98 f   libucrt:malloc.obj
 0001:0000fca0       strcpy_s                   0000000180010ca0 f   libucrt:strcpy_s.obj
 0001:0000feb0       ??$ensure_buffer_is_big_enough@D@formatting_buffer@__crt_stdio_output@@QEAA_N_KAEAV__crt_cached_ptd_host@@@Z 0000000180010eb0 f i libucrt:output.obj
 0001:0000ff58       ??$parse_integer@KV?$c_string_character_source@D@__crt_strtox@@$0A@@__crt_strtox@@YAKAEAV__crt_cached_ptd_host@@V?$c_string_character_source@D@0@H_N@Z 0000000180010f58 f i libucrt:output.obj
 0001:0001020c       ??$type_case_integer@$07@?$output_processor@DV?$string_output_adapter@D@__crt_stdio_output@@V?$format_validation_base@DV?$string_output_adapter@D@__crt_stdio_output@@@2@@__crt_stdio_output@@AEAA_N_N@Z 000000018001120c f i libucrt:output.obj
 0001:0001020c       ??$type_case_integer@$07@?$output_processor@DV?$string_output_adapter@D@__crt_stdio_output@@V?$standard_base@DV?$string_output_adapter@D@__crt_stdio_output@@@2@@__crt_stdio_output@@AEAA_N_N@Z 000000018001120c f i libucrt:output.obj
 0001:00010410       ??$type_case_integer@$09@?$output_processor@DV?$string_output_adapter@D@__crt_stdio_output@@V?$format_validation_base@DV?$string_output_adapter@D@__crt_stdio_output@@@2@@__crt_stdio_output@@AEAA_N_N@Z 0000000180011410 f i libucrt:output.obj
 0001:00010410       ??$type_case_integer@$09@?$output_processor@DV?$string_output_adapter@D@__crt_stdio_output@@V?$standard_base@DV?$string_output_adapter@D@__crt_stdio_output@@@2@@__crt_stdio_output@@AEAA_N_N@Z 0000000180011410 f i libucrt:output.obj
 0001:00010614       ??$type_case_integer@$0BA@@?$output_processor@DV?$string_output_adapter@D@__crt_stdio_output@@V?$format_validation_base@DV?$string_output_adapter@D@__crt_stdio_output@@@2@@__crt_stdio_output@@AEAA_N_N@Z 0000000180011614 f i libucrt:output.obj
 0001:00010614       ??$type_case_integer@$0BA@@?$output_processor@DV?$string_output_adapter@D@__crt_stdio_output@@V?$standard_base@DV?$string_output_adapter@D@__crt_stdio_output@@@2@@__crt_stdio_output@@AEAA_N_N@Z 0000000180011614 f i libucrt:output.obj
 0001:00010818       ??$type_case_integer_parse_into_buffer@I$07@?$output_processor@DV?$string_output_adapter@D@__crt_stdio_output@@V?$format_validation_base@DV?$string_output_adapter@D@__crt_stdio_output@@@2@@__crt_stdio_output@@AEAAXI_N@Z 0000000180011818 f i libucrt:output.obj
 0001:00010818       ??$type_case_integer_parse_into_buffer@I$07@?$output_processor@DV?$string_output_adapter@D@__crt_stdio_output@@V?$standard_base@DV?$string_output_adapter@D@__crt_stdio_output@@@2@@__crt_stdio_output@@AEAAXI_N@Z 0000000180011818 f i libucrt:output.obj
 0001:00010888       ??$type_case_integer_parse_into_buffer@I$09@?$output_processor@DV?$string_output_adapter@D@__crt_stdio_output@@V?$format_validation_base@DV?$string_output_adapter@D@__crt_stdio_output@@@2@@__crt_stdio_output@@AEAAXI_N@Z 0000000180011888 f i libucrt:output.obj
 0001:00010888       ??$type_case_integer_parse_into_buffer@I$09@?$output_processor@DV?$string_output_adapter@D@__crt_stdio_output@@V?$standard_base@DV?$string_output_adapter@D@__crt_stdio_output@@@2@@__crt_stdio_output@@AEAAXI_N@Z 0000000180011888 f i libucrt:output.obj
 0001:00010934       ??$type_case_integer_parse_into_buffer@I$0BA@@?$output_processor@DV?$string_output_adapter@D@__crt_stdio_output@@V?$format_validation_base@DV?$string_output_adapter@D@__crt_stdio_output@@@2@@__crt_stdio_output@@AEAAXI_N@Z 0000000180011934 f i libucrt:output.obj
 0001:00010934       ??$type_case_integer_parse_into_buffer@I$0BA@@?$output_processor@DV?$string_output_adapter@D@__crt_stdio_output@@V?$standard_base@DV?$string_output_adapter@D@__crt_stdio_output@@@2@@__crt_stdio_output@@AEAAXI_N@Z 0000000180011934 f i libucrt:output.obj
 0001:000109b8       ??$type_case_integer_parse_into_buffer@_K$07@?$output_processor@DV?$string_output_adapter@D@__crt_stdio_output@@V?$format_validation_base@DV?$string_output_adapter@D@__crt_stdio_output@@@2@@__crt_stdio_output@@AEAAX_K_N@Z 00000001800119b8 f i libucrt:output.obj
 0001:000109b8       ??$type_case_integer_parse_into_buffer@_K$07@?$output_processor@DV?$string_output_adapter@D@__crt_stdio_output@@V?$standard_base@DV?$string_output_adapter@D@__crt_stdio_output@@@2@@__crt_stdio_output@@AEAAX_K_N@Z 00000001800119b8 f i libucrt:output.obj
 0001:00010a28       ??$type_case_integer_parse_into_buffer@_K$09@?$output_processor@DV?$string_output_adapter@D@__crt_stdio_output@@V?$format_validation_base@DV?$string_output_adapter@D@__crt_stdio_output@@@2@@__crt_stdio_output@@AEAAX_K_N@Z 0000000180011a28 f i libucrt:output.obj
 0001:00010a28       ??$type_case_integer_parse_into_buffer@_K$09@?$output_processor@DV?$string_output_adapter@D@__crt_stdio_output@@V?$standard_base@DV?$string_output_adapter@D@__crt_stdio_output@@@2@@__crt_stdio_output@@AEAAX_K_N@Z 0000000180011a28 f i libucrt:output.obj
 0001:00010ad8       ??$type_case_integer_parse_into_buffer@_K$0BA@@?$output_processor@DV?$string_output_adapter@D@__crt_stdio_output@@V?$format_validation_base@DV?$string_output_adapter@D@__crt_stdio_output@@@2@@__crt_stdio_output@@AEAAX_K_N@Z 0000000180011ad8 f i libucrt:output.obj
 0001:00010ad8       ??$type_case_integer_parse_into_buffer@_K$0BA@@?$output_processor@DV?$string_output_adapter@D@__crt_stdio_output@@V?$standard_base@DV?$string_output_adapter@D@__crt_stdio_output@@@2@@__crt_stdio_output@@AEAAX_K_N@Z 0000000180011ad8 f i libucrt:output.obj
 0001:00010b5c       ?crop_zeroes@__crt_stdio_output@@YAXPEADQEAU__crt_locale_pointers@@@Z 0000000180011b5c f i libucrt:output.obj
 0001:00010bd0       ?get_raw_ptd@__crt_cached_ptd_host@@QEAAPEAU__acrt_ptd@@XZ 0000000180011bd0 f i libucrt:output.obj
 0001:00010c38       ?parse_int_from_format_string@?$output_processor@DV?$string_output_adapter@D@__crt_stdio_output@@V?$format_validation_base@DV?$string_output_adapter@D@__crt_stdio_output@@@2@@__crt_stdio_output@@AEAA_NQEAH@Z 0000000180011c38 f i libucrt:output.obj
 0001:00010c38       ?parse_int_from_format_string@?$output_processor@DV?$string_output_adapter@D@__crt_stdio_output@@V?$standard_base@DV?$string_output_adapter@D@__crt_stdio_output@@@2@@__crt_stdio_output@@AEAA_NQEAH@Z 0000000180011c38 f i libucrt:output.obj
 0001:00010cc8       ?process@?$output_processor@DV?$string_output_adapter@D@__crt_stdio_output@@V?$format_validation_base@DV?$string_output_adapter@D@__crt_stdio_output@@@2@@__crt_stdio_output@@QEAAHXZ 0000000180011cc8 f i libucrt:output.obj
 0001:0001104c       ?process@?$output_processor@DV?$string_output_adapter@D@__crt_stdio_output@@V?$standard_base@DV?$string_output_adapter@D@__crt_stdio_output@@@2@@__crt_stdio_output@@QEAAHXZ 000000018001204c f i libucrt:output.obj
 0001:000113cc       ?state_case_size@?$output_processor@DV?$string_output_adapter@D@__crt_stdio_output@@V?$format_validation_base@DV?$string_output_adapter@D@__crt_stdio_output@@@2@@__crt_stdio_output@@AEAA_NXZ 00000001800123cc f i libucrt:output.obj
 0001:000113cc       ?state_case_size@?$output_processor@DV?$string_output_adapter@D@__crt_stdio_output@@V?$standard_base@DV?$string_output_adapter@D@__crt_stdio_output@@@2@@__crt_stdio_output@@AEAA_NXZ 00000001800123cc f i libucrt:output.obj
 0001:00011554       ?state_case_type@?$output_processor@DV?$string_output_adapter@D@__crt_stdio_output@@V?$format_validation_base@DV?$string_output_adapter@D@__crt_stdio_output@@@2@@__crt_stdio_output@@AEAA_NXZ 0000000180012554 f i libucrt:output.obj
 0001:00011554       ?state_case_type@?$output_processor@DV?$string_output_adapter@D@__crt_stdio_output@@V?$standard_base@DV?$string_output_adapter@D@__crt_stdio_output@@@2@@__crt_stdio_output@@AEAA_NXZ 0000000180012554 f i libucrt:output.obj
 0001:00011958       ?type_case_Z@?$output_processor@DV?$string_output_adapter@D@__crt_stdio_output@@V?$format_validation_base@DV?$string_output_adapter@D@__crt_stdio_output@@@2@@__crt_stdio_output@@AEAA_NXZ 0000000180012958 f i libucrt:output.obj
 0001:00011958       ?type_case_Z@?$output_processor@DV?$string_output_adapter@D@__crt_stdio_output@@V?$standard_base@DV?$string_output_adapter@D@__crt_stdio_output@@@2@@__crt_stdio_output@@AEAA_NXZ 0000000180012958 f i libucrt:output.obj
 0001:000119d4       ?type_case_a@?$output_processor@DV?$string_output_adapter@D@__crt_stdio_output@@V?$format_validation_base@DV?$string_output_adapter@D@__crt_stdio_output@@@2@@__crt_stdio_output@@AEAA_NXZ 00000001800129d4 f i libucrt:output.obj
 0001:000119d4       ?type_case_a@?$output_processor@DV?$string_output_adapter@D@__crt_stdio_output@@V?$standard_base@DV?$string_output_adapter@D@__crt_stdio_output@@@2@@__crt_stdio_output@@AEAA_NXZ 00000001800129d4 f i libucrt:output.obj
 0001:00011c28       ?type_case_c_tchar@?$output_processor@DV?$string_output_adapter@D@__crt_stdio_output@@V?$format_validation_base@DV?$string_output_adapter@D@__crt_stdio_output@@@2@@__crt_stdio_output@@AEAA_ND@Z 0000000180012c28 f i libucrt:output.obj
 0001:00011c28       ?type_case_c_tchar@?$output_processor@DV?$string_output_adapter@D@__crt_stdio_output@@V?$standard_base@DV?$string_output_adapter@D@__crt_stdio_output@@@2@@__crt_stdio_output@@AEAA_ND@Z 0000000180012c28 f i libucrt:output.obj
 0001:00011cfc       ?type_case_n@?$output_processor@DV?$string_output_adapter@D@__crt_stdio_output@@V?$format_validation_base@DV?$string_output_adapter@D@__crt_stdio_output@@@2@@__crt_stdio_output@@AEAA_NXZ 0000000180012cfc f i libucrt:output.obj
 0001:00011cfc       ?type_case_n@?$output_processor@DV?$string_output_adapter@D@__crt_stdio_output@@V?$standard_base@DV?$string_output_adapter@D@__crt_stdio_output@@@2@@__crt_stdio_output@@AEAA_NXZ 0000000180012cfc f i libucrt:output.obj
 0001:00011db4       ?type_case_s@?$output_processor@DV?$string_output_adapter@D@__crt_stdio_output@@V?$format_validation_base@DV?$string_output_adapter@D@__crt_stdio_output@@@2@@__crt_stdio_output@@AEAA_NXZ 0000000180012db4 f i libucrt:output.obj
 0001:00011db4       ?type_case_s@?$output_processor@DV?$string_output_adapter@D@__crt_stdio_output@@V?$standard_base@DV?$string_output_adapter@D@__crt_stdio_output@@@2@@__crt_stdio_output@@AEAA_NXZ 0000000180012db4 f i libucrt:output.obj
 0001:00011e50       ?update_locale_slow@__crt_cached_ptd_host@@AEAAXXZ 0000000180012e50 f i libucrt:output.obj
 0001:00011ec8       ?write_string@?$string_output_adapter@D@__crt_stdio_output@@QEBAXQEBDHQEAHAEAV__crt_cached_ptd_host@@@Z 0000000180012ec8 f i libucrt:output.obj
 0001:00011f6c       __stdio_common_vsprintf    0000000180012f6c f   libucrt:output.obj
 0001:000121c0       __stdio_common_vsprintf_s  00000001800131c0 f   libucrt:output.obj
 0001:000122d4       ??$parse_integer@KV?$c_string_character_source@D@__crt_strtox@@$00@__crt_strtox@@YAKAEAV__crt_cached_ptd_host@@V?$c_string_character_source@D@0@H_N@Z 00000001800132d4 f i libucrt:atox.obj
 0001:000125c4       _ischartype_l              00000001800135c4 f i libucrt:atox.obj
 0001:0001263c       atol                       000000018001363c f   libucrt:atox.obj
 0001:00012700       strncmp                    0000000180013700 f   libucrt:strncmp.obj
 0001:00012780       calloc                     0000000180013780 f   libucrt:calloc.obj
 0001:00012788       wcsncmp                    0000000180013788 f   libucrt:wcsncmp.obj
 0001:000127b4       _free_base                 00000001800137b4 f   libucrt:free_base.obj
 0001:00012b68       __acrt_freeptd             0000000180013b68 f   libucrt:per_thread_data.obj
 0001:00012bac       __acrt_getptd              0000000180013bac f   libucrt:per_thread_data.obj
 0001:00012c80       __acrt_getptd_head         0000000180013c80 f   libucrt:per_thread_data.obj
 0001:00012d24       __acrt_getptd_noexit       0000000180013d24 f   libucrt:per_thread_data.obj
 0001:00012dec       __acrt_getptd_noexit_explicit 0000000180013dec f   libucrt:per_thread_data.obj
 0001:00012eac       __acrt_initialize_ptd      0000000180013eac f   libucrt:per_thread_data.obj
 0001:00012ee8       __acrt_uninitialize_ptd    0000000180013ee8 f   libucrt:per_thread_data.obj
 0001:00012f0c       __acrt_initialize_locks    0000000180013f0c f   libucrt:locks.obj
 0001:00012f54       __acrt_lock                0000000180013f54 f   libucrt:locks.obj
 0001:00012f70       __acrt_uninitialize_locks  0000000180013f70 f   libucrt:locks.obj
 0001:00012fa8       __acrt_unlock              0000000180013fa8 f   libucrt:locks.obj
 0001:00012fc4       __acrt_app_verifier_enabled 0000000180013fc4 f   libucrt:peb_access.obj
 0001:00012fe0       __acrt_is_secure_process   0000000180013fe0 f   libucrt:peb_access.obj
 0001:00012ff8       __acrt_get_process_end_policy 0000000180013ff8 f   libucrt:win_policies.obj
 0001:00013028       ?get_raw_ptd_noexit@__crt_cached_ptd_host@@QEAAPEAU__acrt_ptd@@XZ 0000000180014028 f i libucrt:invalid_parameter.obj
 0001:00013094       ?value@?$dual_state_global@P6AXPEB_W00I_K@Z@__crt_state_management@@QEAAAEAP6AXPEB_W00I_K@ZAEAV__crt_cached_ptd_host@@@Z 0000000180014094 f i libucrt:invalid_parameter.obj
 0001:000130e0       __acrt_call_reportfault    00000001800140e0 f   libucrt:invalid_parameter.obj
 0001:0001323c       __acrt_initialize_invalid_parameter_handler 000000018001423c f   libucrt:invalid_parameter.obj
 0001:00013244       _invalid_parameter         0000000180014244 f   libucrt:invalid_parameter.obj
 0001:000132e0       _invalid_parameter_internal 00000001800142e0 f   libucrt:invalid_parameter.obj
 0001:000133ac       _invalid_parameter_noinfo  00000001800143ac f   libucrt:invalid_parameter.obj
 0001:000133cc       _invoke_watson             00000001800143cc f   libucrt:invalid_parameter.obj
 0001:00013414       __acrt_errno_from_os_error 0000000180014414 f   libucrt:errno.obj
 0001:0001345c       __acrt_errno_map_os_error  000000018001445c f   libucrt:errno.obj
 0001:000134a4       __acrt_errno_map_os_error_ptd 00000001800144a4 f   libucrt:errno.obj
 0001:000134c8       __doserrno                 00000001800144c8 f   libucrt:errno.obj
 0001:000134e8       _errno                     00000001800144e8 f   libucrt:errno.obj
 0001:00013508       _calloc_base               0000000180014508 f   libucrt:calloc_base.obj
 0001:00013594       ??$__acrt_convert_wcs_mbs_cp@D_WV<lambda_7c9dea7b4ca7285d2cdb541a38da6275>@@U__crt_win32_buffer_internal_dynamic_resizing@@@@YAHQEBDAEAV?$__crt_win32_buffer@_WU__crt_win32_buffer_internal_dynamic_resizing@@@@AEBV<lambda_7c9dea7b4ca7285d2cdb541a38da6275>@@I@Z 0000000180014594 f i libucrt:argv_wildcards.obj
 0001:00013710       ??$__acrt_convert_wcs_mbs_cp@_WDV<lambda_d8593a27d1aa8c02be35c86a17d324c4>@@U__crt_win32_buffer_internal_dynamic_resizing@@@@YAHQEB_WAEAV?$__crt_win32_buffer@DU__crt_win32_buffer_internal_dynamic_resizing@@@@AEBV<lambda_d8593a27d1aa8c02be35c86a17d324c4>@@I@Z 0000000180014710 f i libucrt:argv_wildcards.obj
 0001:00013fb4       ??0_LocaleUpdate@@QEAA@QEAU__crt_locale_pointers@@@Z 0000000180014fb4 f i libucrt:argv_wildcards.obj
 0001:00014050       __acrt_expand_narrow_argv_wildcards 0000000180015050 f   libucrt:argv_wildcards.obj
 0001:00014058       ??$__acrt_convert_wcs_mbs_cp@_WDV<lambda_f788ae46380686e8b737efdd8c720d07>@@U__crt_win32_buffer_no_resizing@@@@YAHQEB_WAEAV?$__crt_win32_buffer@DU__crt_win32_buffer_no_resizing@@@@AEBV<lambda_f788ae46380686e8b737efdd8c720d07>@@I@Z 0000000180015058 f i libucrt:getmodulefilenamea.obj
 0001:00014174       __acrt_GetModuleFileNameA  0000000180015174 f   libucrt:getmodulefilenamea.obj
 0001:00014a90       __acrt_initialize_multibyte 0000000180015a90 f   libucrt:mbctype.obj
 0001:00014af0       __acrt_update_thread_multibyte_data 0000000180015af0 f   libucrt:mbctype.obj
 0001:00014b0c       _setmbcp_nolock            0000000180015b0c f   libucrt:mbctype.obj
 0001:00014e40       _ismbblead                 0000000180015e40 f   libucrt:ismbbyte.obj
 0001:00014e54       __acrt_initialize_command_line 0000000180015e54 f   libucrt:argv_data.obj
 0001:00014e7c       __acrt_MultiByteToWideChar 0000000180015e7c f   libucrt:multibytetowidechar.obj
 0001:00014f0c       __acrt_WideCharToMultiByte 0000000180015f0c f   libucrt:widechartomultibyte.obj
 0001:00014fec       __dcrt_get_narrow_environment_from_os 0000000180015fec f   libucrt:get_environment_from_os.obj
 0001:000150fc       _recalloc_base             00000001800160fc f   libucrt:recalloc.obj
 0001:00015350       __acrt_AppPolicyGetProcessTerminationMethodInternal 0000000180016350 f   libucrt:winapi_thunks.obj
 0001:000153a8       __acrt_AreFileApisANSI     00000001800163a8 f   libucrt:winapi_thunks.obj
 0001:000153ec       __acrt_FlsAlloc            00000001800163ec f   libucrt:winapi_thunks.obj
 0001:000153f4       __acrt_FlsFree             00000001800163f4 f   libucrt:winapi_thunks.obj
 0001:000153fc       __acrt_FlsGetValue         00000001800163fc f   libucrt:winapi_thunks.obj
 0001:00015404       __acrt_FlsSetValue         0000000180016404 f   libucrt:winapi_thunks.obj
 0001:0001540c       __acrt_InitializeCriticalSectionEx 000000018001640c f   libucrt:winapi_thunks.obj
 0001:0001547c       __acrt_LCMapStringEx       000000018001647c f   libucrt:winapi_thunks.obj
 0001:00015568       __acrt_LocaleNameToLCID    0000000180016568 f   libucrt:winapi_thunks.obj
 0001:000155c8       __acrt_initialize_winapi_thunks 00000001800165c8 f   libucrt:winapi_thunks.obj
 0001:000155ec       __acrt_uninitialize_winapi_thunks 00000001800165ec f   libucrt:winapi_thunks.obj
 0001:00015630       __acrt_initialize_heap     0000000180016630 f   libucrt:heap_handle.obj
 0001:0001564c       __acrt_uninitialize_heap   000000018001664c f   libucrt:heap_handle.obj
 0001:00015850       __acrt_initialize_lowio    0000000180016850 f   libucrt:ioinit.obj
 0001:0001588c       __acrt_uninitialize_lowio  000000018001688c f   libucrt:ioinit.obj
 0001:000158cc       __acrt_execute_initializers 00000001800168cc f   libucrt:shared_initialization.obj
 0001:00015960       __acrt_execute_uninitializers 0000000180016960 f   libucrt:shared_initialization.obj
 0001:000159a8       __acrt_initialize_new_handler 00000001800169a8 f   libucrt:new_handler.obj
 0001:000159b0       _callnewh                  00000001800169b0 f   libucrt:new_handler.obj
 0001:000159f0       _query_new_handler         00000001800169f0 f   libucrt:new_handler.obj
 0001:00015a70       __acrt_get_sigabrt_handler 0000000180016a70 f   libucrt:signal.obj
 0001:00015aa0       __acrt_initialize_signal_handlers 0000000180016aa0 f   libucrt:signal.obj
 0001:00015ac0       raise                      0000000180016ac0 f   libucrt:signal.obj
 0001:00015d3c       __acrt_has_user_matherr    0000000180016d3c f   libucrt:matherr.obj
 0001:00015d5c       __acrt_initialize_user_matherr 0000000180016d5c f   libucrt:matherr.obj
 0001:00015d64       __acrt_invoke_user_matherr 0000000180016d64 f   libucrt:matherr.obj
 0001:00015f80       __acrt_stdio_flush_nolock  0000000180016f80 f   libucrt:fflush.obj
 0001:0001600c       _fflush_nolock             000000018001700c f   libucrt:fflush.obj
 0001:000160e0       _flushall                  00000001800170e0 f   libucrt:fflush.obj
 0001:000160e8       __acrt_initialize_stdio    00000001800170e8 f   libucrt:_file.obj
 0001:00016208       __acrt_uninitialize_stdio  0000000180017208 f   libucrt:_file.obj
 0001:00016264       _lock_file                 0000000180017264 f   libucrt:_file.obj
 0001:00016270       _unlock_file               0000000180017270 f   libucrt:_file.obj
 0001:0001627c       _malloc_base               000000018001727c f   libucrt:malloc_base.obj
 0001:000162dc       strnlen                    00000001800172dc f   libucrt:strnlen.obj
 0001:0001642c       wcsnlen                    000000018001742c f   libucrt:strnlen.obj
 0001:00016604       __acrt_update_locale_info  0000000180017604 f   libucrt:locale_update.obj
 0001:00016638       __acrt_update_locale_info_explicit 0000000180017638 f   libucrt:locale_update.obj
 0001:00016670       __acrt_update_multibyte_info 0000000180017670 f   libucrt:locale_update.obj
 0001:000166a4       __acrt_update_multibyte_info_explicit 00000001800176a4 f   libucrt:locale_update.obj
 0001:000171f0       __acrt_fp_format           00000001800181f0 f   libucrt:cvt.obj
 0001:000174d8       _wctomb_internal           00000001800184d8 f   libucrt:wctomb.obj
 0001:00017688       _mbtowc_internal           0000000180018688 f   libucrt:mbtowc.obj
 0001:00017800       _fileno                    0000000180018800 f   libucrt:fileno.obj
 0001:00017828       _get_printf_count_output   0000000180018828 f   libucrt:printf_count_output.obj
 0001:000178b0       __acrt_set_locale_changed  00000001800188b0 f   libucrt:wsetlocale.obj
 0001:000178bc       __acrt_uninitialize_locale 00000001800188bc f   libucrt:wsetlocale.obj
 0001:000178ec       __pctype_func              00000001800188ec f   libucrt:ctype.obj
 0001:0001791c       _isctype_l                 000000018001891c f   libucrt:isctype.obj
 0001:00017a24       __acrt_add_locale_ref      0000000180018a24 f   libucrt:locale_refcounting.obj
 0001:00017ab0       __acrt_free_locale         0000000180018ab0 f   libucrt:locale_refcounting.obj
 0001:00017c28       __acrt_locale_add_lc_time_reference 0000000180018c28 f   libucrt:locale_refcounting.obj
 0001:00017c50       __acrt_locale_free_lc_time_if_unreferenced 0000000180018c50 f   libucrt:locale_refcounting.obj
 0001:00017c88       __acrt_locale_release_lc_time_reference 0000000180018c88 f   libucrt:locale_refcounting.obj
 0001:00017cb0       __acrt_release_locale_ref  0000000180018cb0 f   libucrt:locale_refcounting.obj
 0001:00017d58       __acrt_update_thread_locale_data 0000000180018d58 f   libucrt:locale_refcounting.obj
 0001:00017dc8       _updatetlocinfoEx_nolock   0000000180018dc8 f   libucrt:locale_refcounting.obj
 0001:00017e30       _query_new_mode            0000000180018e30 f   libucrt:new_mode.obj
 0001:00017e40       qsort                      0000000180018e40 f   libucrt:qsort.obj
 0001:00018250       strncpy_s                  0000000180019250 f   libucrt:strncpy_s.obj
 0001:000183e0       strpbrk                    00000001800193e0 f   libucrt:strpbrk.obj
 0001:000187a8       _mbsdec                    00000001800197a8 f   libucrt:mbsdec.obj
 0001:000187b0       _mbsdec_l                  00000001800197b0 f   libucrt:mbsdec.obj
 0001:00018844       __acrt_GetStringTypeA      0000000180019844 f   libucrt:getstringtypea.obj
 0001:00018d08       __acrt_LCMapStringA        0000000180019d08 f   libucrt:lcmapstringa.obj
 0001:00018db8       _msize_base                0000000180019db8 f   libucrt:msize.obj
 0001:00018df4       _realloc_base              0000000180019df4 f   libucrt:realloc_base.obj
 0001:00018e70       __acrt_DownlevelLocaleNameToLCID 0000000180019e70 f   libucrt:lcidtoname_downlevel.obj
 0001:00018f14       __acrt_lowio_create_handle_array 0000000180019f14 f   libucrt:osfinfo.obj
 0001:00018fbc       __acrt_lowio_destroy_handle_array 0000000180019fbc f   libucrt:osfinfo.obj
 0001:0001900c       __acrt_lowio_ensure_fh_exists 000000018001a00c f   libucrt:osfinfo.obj
 0001:000190b4       __acrt_lowio_lock_fh       000000018001a0b4 f   libucrt:osfinfo.obj
 0001:000190dc       __acrt_lowio_unlock_fh     000000018001a0dc f   libucrt:osfinfo.obj
 0001:00019104       _free_osfhnd               000000018001a104 f   libucrt:osfinfo.obj
 0001:000191c0       _get_osfhandle             000000018001a1c0 f   libucrt:osfinfo.obj
 0001:000192c4       _commit                    000000018001a2c4 f   libucrt:commit.obj
 0001:00019b60       _write_internal            000000018001ab60 f   libucrt:write.obj
 0001:00019c80       _write_nolock              000000018001ac80 f   libucrt:write.obj
 0001:00019f88       _fcloseall                 000000018001af88 f   libucrt:closeall.obj
 0001:0001a03c       __acrt_stdio_free_buffer_nolock 000000018001b03c f   libucrt:_freebuf.obj
 0001:0001a080       _isatty                    000000018001b080 f   libucrt:isatty.obj
 0001:0001a1b0       __acrt_fp_strflt_to_string 000000018001b1b0 f   libucrt:_fptostr.obj
 0001:0001a2c0       ?divide@__crt_strtox@@YA_KAEAUbig_integer@1@AEBU21@@Z 000000018001b2c0 f i libucrt:cfout.obj
 0001:0001a75c       __acrt_fltout              000000018001b75c f   libucrt:cfout.obj
 0001:0001ba74       fegetround                 000000018001ca74 f   libucrt:fegetround.obj
 0001:0001ba88       ?__c32rtomb_utf8@__crt_mbstring@@YA_KPEAD_UPEAU_Mbstatet@@AEAV__crt_cached_ptd_host@@@Z 000000018001ca88 f   libucrt:c32rtomb.obj
 0001:0001bb2c       ?__mbrtowc_utf8@__crt_mbstring@@YA_KPEA_WPEBD_KPEAU_Mbstatet@@AEAV__crt_cached_ptd_host@@@Z 000000018001cb2c f   libucrt:mbrtowc.obj
 0001:0001bb70       ?__mbsrtowcs_utf8@__crt_mbstring@@YA_KPEA_WPEAPEBD_KPEAU_Mbstatet@@AEAV__crt_cached_ptd_host@@@Z 000000018001cb70 f   libucrt:mbrtowc.obj
 0001:0001bd14       __acrt_locale_free_monetary 000000018001cd14 f   libucrt:initmon.obj
 0001:0001be20       __acrt_locale_free_numeric 000000018001ce20 f   libucrt:initnum.obj
 0001:0001bec0       __acrt_locale_free_time    000000018001cec0 f   libucrt:inittime.obj
 0001:0001bfc8       __strncnt                  000000018001cfc8 f   libucrt:strncnt.obj
 0001:0001bfe0       __ascii_wcsnicmp           000000018001cfe0 f   libucrt:wcsnicmp.obj
 0001:0001c02c       _query_app_type            000000018001d02c f   libucrt:report_runtime_error.obj
 0001:0001c0e0       _lseeki64_nolock_internal  000000018001d0e0 f   libucrt:lseek.obj
 0001:0001c0e8       _putwch_nolock             000000018001d0e8 f   libucrt:putwch.obj
 0001:0001c248       fclose                     000000018001d248 f   libucrt:fclose.obj
 0001:0001c2e0       _controlfp_s               000000018001d2e0 f   libucrt:contrlfp.obj
 0001:0001c344       fegetenv                   000000018001d344 f   libucrt:fegetenv.obj
 0001:0001c364       fesetenv                   000000018001d364 f   libucrt:fesetenv.obj
 0001:0001c3bc       feholdexcept               000000018001d3bc f   libucrt:feholdexcept.obj
 0001:0001c40c       ceil                       000000018001d40c f   libucrt:ceil.obj
 0001:0001c4d0       log10                      000000018001d4d0 f   libucrt:log10.obj
 0001:0001ca7c       __acrt_fenv_get_common_round_control 000000018001da7c f   libucrt:_fenvutils.obj
 0001:0001ca88       __acrt_fenv_get_control    000000018001da88 f   libucrt:_fenvutils.obj
 0001:0001cb6c       __acrt_fenv_get_status     000000018001db6c f   libucrt:_fenvutils.obj
 0001:0001cbc4       __acrt_fenv_set_control    000000018001dbc4 f   libucrt:_fenvutils.obj
 0001:0001ccfc       __acrt_fenv_set_status     000000018001dcfc f   libucrt:_fenvutils.obj
 0001:0001cd70       ?reset_and_return@__crt_mbstring@@YA_K_KPEAU_Mbstatet@@@Z 000000018001dd70 f   libucrt:common_utf8.obj
 0001:0001cd78       ?return_illegal_sequence@__crt_mbstring@@YA_KPEAU_Mbstatet@@AEAV__crt_cached_ptd_host@@@Z 000000018001dd78 f   libucrt:common_utf8.obj
 0001:0001cd8c       ?__mbrtoc32_utf8@__crt_mbstring@@YA_KPEA_UPEBD_KPEAU_Mbstatet@@AEAV__crt_cached_ptd_host@@@Z 000000018001dd8c f   libucrt:mbrtoc32.obj
 0001:0001cf68       __dcrt_lowio_ensure_console_output_initialized 000000018001df68 f   libucrt:initcon.obj
 0001:0001cfbc       __dcrt_terminate_console_output 000000018001dfbc f   libucrt:initcon.obj
 0001:0001cfd8       __dcrt_write_console       000000018001dfd8 f   libucrt:initcon.obj
 0001:0001d110       _close_internal            000000018001e110 f   libucrt:close.obj
 0001:0001d1d4       _close_nolock_internal     000000018001e1d4 f   libucrt:close.obj
 0001:0001d2a4       ?__acrt_stdio_free_stream@@YAXV__crt_stdio_stream@@@Z 000000018001e2a4 f   libucrt:stream.obj
 0001:0001d2c0       _clearfp                   000000018001e2c0 f   libucrt:ieee.obj
 0001:0001d32c       _control87                 000000018001e32c f   libucrt:ieee.obj
 0001:0001d6f4       _handle_error              000000018001e6f4 f   libucrt:libm_error.obj
 0001:0001d81c       _handle_nan                000000018001e81c f   libucrt:libm_error.obj
 0001:0001d840       __acrt_initialize_fma3     000000018001e840 f   libucrt:fma3_available.obj
 0001:0001d8b0       _log10_special             000000018001e8b0 f   libucrt:log_special.obj
 0001:0001d980       _get_fpsr                  000000018001e980 f   libucrt:fpsr.obj
 0001:0001d990       _set_fpsr                  000000018001e990 f   libucrt:fpsr.obj
 0001:0001d99a       _fclrf                     000000018001e99a f   libucrt:fpsr.obj
 0001:0001d9ae       _frnd                      000000018001e9ae f   libucrt:fpsr.obj
 0001:0001d9d0       _raise_exc                 000000018001e9d0 f   libucrt:fpexcept.obj
 0001:0001d9f8       _raise_exc_ex              000000018001e9f8 f   libucrt:fpexcept.obj
 0001:0001dd00       _set_errno_from_matherr    000000018001ed00 f   libucrt:fpexcept.obj
 0001:0001dd30       _clrfp                     000000018001ed30 f   libucrt:fpctrl.obj
 0001:0001dd50       _ctrlfp                    000000018001ed50 f   libucrt:fpctrl.obj
 0001:0001ddcc       _set_statfp                000000018001edcc f   libucrt:fpctrl.obj
 0001:0001ddec       _statfp                    000000018001edec f   libucrt:fpctrl.obj
 0001:0001de00       _FindPESection             000000018001ee00 f   LIBCMT:pesect.obj
 0001:0001de50       _IsNonwritableInCurrentImage 000000018001ee50 f   LIBCMT:pesect.obj
 0001:0001dea0       _ValidateImageBase         000000018001eea0 f   LIBCMT:pesect.obj
 0001:0001decc       __GSHandlerCheck           000000018001eecc f   LIBCMT:gshandler.obj
 0001:0001deec       __GSHandlerCheckCommon     000000018001eeec f   LIBCMT:gshandler.obj
 0001:0001df60       __security_check_cookie    000000018001ef60 f   LIBCMT:amdsecgs.obj
 0001:0001df80       __GSHandlerCheck_SEH       000000018001ef80 f   LIBCMT:gshandlerseh.obj
 0001:0001e008       __raise_securityfailure    000000018001f008 f   LIBCMT:gs_report.obj
 0001:0001e03c       __report_gsfailure         000000018001f03c f   LIBCMT:gs_report.obj
 0001:0001e110       __report_rangecheckfailure 000000018001f110 f   LIBCMT:gs_report.obj
 0001:0001e124       __report_securityfailure   000000018001f124 f   LIBCMT:gs_report.obj
 0001:0001e2c0       __chkstk                   000000018001f2c0 f   LIBCMT:chkstk.obj
 0001:0001e2c0       _alloca_probe              000000018001f2c0 f   LIBCMT:chkstk.obj
 0001:0001e310       __GSHandlerCheck_EH        000000018001f310 f   LIBCMT:gshandlereh.obj
 0001:0001e390       __C_specific_handler_noexcept 000000018001f390 f   libvcruntime:chandler_noexcept.obj
 0001:0001e3dc       strrchr                    000000018001f3dc f   libvcruntime:strrchr.obj
 0001:0001e530       _guard_dispatch_icall_nop  000000018001f530 f   LIBCMT:guard_dispatch.obj
 0001:0001e550       _guard_xfg_dispatch_icall_nop 000000018001f550 f   LIBCMT:guard_xfg_dispatch.obj
 0001:0001e580       memset_repstos             000000018001f580 f   libvcruntime:memset.obj
 0001:0001e590       memset                     000000018001f590 f   libvcruntime:memset.obj
 0001:0001e940       memcpy_repmovs             000000018001f940 f   libvcruntime:memcpy.obj
 0001:0001e950       memcpy                     000000018001f950 f   libvcruntime:memcpy.obj
 0001:0001e950       memcpy_$fo_default$        000000018001f950     libvcruntime:memcpy.obj
 0001:0001e950       memmove                    000000018001f950 f   libvcruntime:memcpy.obj
 0002:00000000       __imp_LoadLibraryA         0000000180021000     kernel32:KERNEL32.dll
 0002:00000008       __imp_WriteConsoleW        0000000180021008     kernel32:KERNEL32.dll
[...]
 0002:0000ad28       $unwind$??$?RV<lambda_886d6c58226a84441f68b9f2b8217b83>@@AEAV<lambda_ab61a845afdef5b7c387490eaf3616ee>@@V<lambda_f7f22ab5edc0698d5f6905b0d3f44752>@@@?$__crt_seh_guarded_call@X@@QEAAX$$QEAV<lambda_886d6c58226a84441f68b9f2b8217b83>@@AEAV<lambda_ab61a845afdef5b7c387490eaf3616ee>@@$$QEAV<lambda_f7f22ab5edc0698d5f6905b0d3f44752>@@@Z 000000018002bd28     libucrt:fflush.obj
 0002:0000ad50       $unwind$?fp_format_e_internal@@YAHQEAD_KH_NIQEAU_strflt@@2AEAV__crt_cached_ptd_host@@@Z 000000018002bd50     libucrt:cvt.obj
 0002:0000ad6c       $unwind$?fp_format_e@@YAHQEBNQEAD_K12H_NIW4__acrt_rounding_mode@@AEAV__crt_cached_ptd_host@@@Z 000000018002bd6c     libucrt:cvt.obj
 0002:0000ad84       $unwind$?should_round_up@@YA_NQEBN_KFW4__acrt_rounding_mode@@@Z 000000018002bd84     libucrt:cvt.obj
 0002:0000ada0       $unwind$?fp_format_a@@YAHQEBNPEAD_KQEAD2H_NIW4__acrt_rounding_mode@@AEAV__crt_cached_ptd_host@@@Z 000000018002bda0     libucrt:cvt.obj
 0002:0000adbc       $unwind$?fp_format_g@@YAHQEBNQEAD_K12H_NIW4__acrt_rounding_mode@@AEAV__crt_cached_ptd_host@@@Z 000000018002bdbc     libucrt:cvt.obj
 0002:0000add4       $unwind$_wctomb_internal   000000018002bdd4     libucrt:wctomb.obj
 0002:0000ade8       $unwind$??$?RV<lambda_410d79af7f07d98d83a3f525b3859a53>@@AEAV<lambda_3e16ef9562a7dcce91392c22ab16ea36>@@V<lambda_38119f0e861e05405d8a144b9b982f0a>@@@?$__crt_seh_guarded_call@X@@QEAAX$$QEAV<lambda_410d79af7f07d98d83a3f525b3859a53>@@AEAV<lambda_3e16ef9562a7dcce91392c22ab16ea36>@@$$QEAV<lambda_38119f0e861e05405d8a144b9b982f0a>@@@Z 000000018002bde8     libucrt:wsetlocale.obj
 0002:0000ae10       $unwind$_isctype_l         000000018002be10     libucrt:isctype.obj
 0002:0000ae2c       $unwind$__acrt_update_thread_locale_data 000000018002be2c     libucrt:locale_refcounting.obj
 0002:0000ae50       $unwind$qsort              000000018002be50     libucrt:qsort.obj
 0002:0000ae68       $chain$4$qsort             000000018002be68     libucrt:qsort.obj
 0002:0000ae8c       $chain$5$qsort             000000018002be8c     libucrt:qsort.obj
 0002:0000ae9c       $unwind$strpbrk            000000018002be9c     libucrt:strpbrk.obj
 0002:0000aeac       $unwind$fallbackMethod     000000018002beac     libucrt:strpbrk.obj
 0002:0000aebc       $unwind$__acrt_GetStringTypeA 000000018002bebc     libucrt:getstringtypea.obj
 0002:0000aee4       $unwind$__acrt_LCMapStringA 000000018002bee4     libucrt:lcmapstringa.obj
 0002:0000aef4       $unwind$?__acrt_LCMapStringA_stat@@YAHPEAU__crt_locale_pointers@@PEB_WKPEBDHPEADHHH@Z 000000018002bef4     libucrt:lcmapstringa.obj
 0002:0000af1c       $unwind$__acrt_lowio_destroy_handle_array 000000018002bf1c     libucrt:osfinfo.obj
 0002:0000af2c       $unwind$__acrt_lowio_ensure_fh_exists 000000018002bf2c     libucrt:osfinfo.obj
 0002:0000af58       $unwind$_commit            000000018002bf58     libucrt:commit.obj
 0002:0000af60       $unwind$??$?RV<lambda_a37b2b86f63e897a80ea819b0eb08c01>@@AEAV<lambda_38ce7e780aa69e748d6df282ebc68efe>@@V<lambda_99fb1378e971ab6e7edea83e3a7a83a2>@@@?$__crt_seh_guarded_call@H@@QEAAH$$QEAV<lambda_a37b2b86f63e897a80ea819b0eb08c01>@@AEAV<lambda_38ce7e780aa69e748d6df282ebc68efe>@@$$QEAV<lambda_99fb1378e971ab6e7edea83e3a7a83a2>@@@Z 000000018002bf60     libucrt:commit.obj
 0002:0000af84       $unwind$_write_nolock      000000018002bf84     libucrt:write.obj
 0002:0000af9c       $unwind$_write_internal    000000018002bf9c     libucrt:write.obj
 0002:0000afc8       $unwind$?write_double_translated_ansi_nolock@@YA?AUwrite_result@?A0x17268360@@HQEBDIAEAV__crt_cached_ptd_host@@@Z 000000018002bfc8     libucrt:write.obj
 0002:0000aff0       $ip2state$?write_double_translated_ansi_nolock@@YA?AUwrite_result@?A0x17268360@@HQEBDIAEAV__crt_cached_ptd_host@@@Z 000000018002bff0     libucrt:write.obj
 0002:0000aff8       $unwind$?write_text_ansi_nolock@@YA?AUwrite_result@?A0x17268360@@HQEBDI@Z 000000018002bff8     libucrt:write.obj
 0002:0000aff8       $unwind$?write_text_utf16le_nolock@@YA?AUwrite_result@?A0x17268360@@HQEBDI@Z 000000018002bff8     libucrt:write.obj
 0002:0000b018       $unwind$?write_text_utf8_nolock@@YA?AUwrite_result@?A0x17268360@@HQEBDI@Z 000000018002c018     libucrt:write.obj
 0002:0000b03c       $unwind$_fcloseall         000000018002c03c     libucrt:closeall.obj
 0002:0000b060       $unwind$__acrt_fltout      000000018002c060     libucrt:cfout.obj
 0002:0000b080       $unwind$?divide@__crt_strtox@@YA_KAEAUbig_integer@1@AEBU21@@Z 000000018002c080     libucrt:cfout.obj
 0002:0000b098       $chain$0$?divide@__crt_strtox@@YA_KAEAUbig_integer@1@AEBU21@@Z 000000018002c098     libucrt:cfout.obj
 0002:0000b0ac       $chain$1$?divide@__crt_strtox@@YA_KAEAUbig_integer@1@AEBU21@@Z 000000018002c0ac     libucrt:cfout.obj
 0002:0000b0bc       $unwind$?__mbsrtowcs_utf8@__crt_mbstring@@YA_KPEA_WPEAPEBD_KPEAU_Mbstatet@@AEAV__crt_cached_ptd_host@@@Z 000000018002c0bc     libucrt:mbrtowc.obj
 0002:0000b0d4       $unwind$__acrt_locale_free_monetary 000000018002c0d4     libucrt:initmon.obj
 0002:0000b0dc       $unwind$__acrt_locale_free_time 000000018002c0dc     libucrt:inittime.obj
 0002:0000b0ec       $unwind$_putwch_nolock     000000018002c0ec     libucrt:putwch.obj
 0002:0000b0f4       $unwind$?_fclose_nolock_internal@@YAHQEAU_iobuf@@AEAV__crt_cached_ptd_host@@@Z 000000018002c0f4     libucrt:fclose.obj
 0002:0000b104       $unwind$?_fclose_internal@@YAHQEAU_iobuf@@AEAV__crt_cached_ptd_host@@@Z 000000018002c104     libucrt:fclose.obj
 0002:0000b128       $unwind$fesetenv           000000018002c128     libucrt:fesetenv.obj
 0002:0000b138       $xdatasym                  000000018002c138     libucrt:log10.obj
 0002:0000b144       $unwind$__acrt_fenv_get_control 000000018002c144     libucrt:_fenvutils.obj
 0002:0000b14c       $unwind$__acrt_fenv_set_control 000000018002c14c     libucrt:_fenvutils.obj
 0002:0000b15c       $unwind$?__mbrtoc32_utf8@__crt_mbstring@@YA_KPEA_UPEBD_KPEAU_Mbstatet@@AEAV__crt_cached_ptd_host@@@Z 000000018002c15c     libucrt:mbrtoc32.obj
 0002:0000b178       $unwind$_close_internal    000000018002c178     libucrt:close.obj
 0002:0000b180       $unwind$??$?RV<lambda_ad8af0d99a0adf03d037d7dffe354bb5>@@AEAV<lambda_c9ba49e555ba839a7b07aa3fbecb7617>@@V<lambda_2f1ebd5d68526518146ae959c9e734c8>@@@?$__crt_seh_guarded_call@H@@QEAAH$$QEAV<lambda_ad8af0d99a0adf03d037d7dffe354bb5>@@AEAV<lambda_c9ba49e555ba839a7b07aa3fbecb7617>@@$$QEAV<lambda_2f1ebd5d68526518146ae959c9e734c8>@@@Z 000000018002c180     libucrt:close.obj
 0002:0000b1a4       $unwind$common_control87   000000018002c1a4     libucrt:ieee.obj
 0002:0000b1d0       $unwind$_call_matherr      000000018002c1d0     libucrt:libm_error.obj
 0002:0000b1d8       $unwind$_handle_error      000000018002c1d8     libucrt:libm_error.obj
 0002:0000b1f8       $unwind$__acrt_initialize_fma3 000000018002c1f8     libucrt:fma3_available.obj
 0002:0000b200       $unwind$_log_special_common 000000018002c200     libucrt:log_special.obj
 0002:0000b210       $xdatasym                  000000018002c210     libucrt:fpsr.obj
 0002:0000b218       $unwind$_raise_exc_ex      000000018002c218     libucrt:fpexcept.obj
 0002:0000b22c       $unwind$_ctrlfp            000000018002c22c     libucrt:fpctrl.obj
 0002:0000b254       $unwind$_IsNonwritableInCurrentImage 000000018002c254     LIBCMT:pesect.obj
 0002:0000b278       $unwind$__GSHandlerCheckCommon 000000018002c278     LIBCMT:gshandler.obj
 0002:0000b280       $xdatasym                  000000018002c280     LIBCMT:amdsecgs.obj
 0002:0000b284       $unwind$__report_securityfailure 000000018002c284     LIBCMT:gs_report.obj
 0002:0000b28c       $unwind$__report_gsfailure 000000018002c28c     LIBCMT:gs_report.obj
 0002:0000b294       $unwind$capture_current_context 000000018002c294     LIBCMT:gs_report.obj
 0002:0000b2a0       $unwind$capture_previous_context 000000018002c2a0     LIBCMT:gs_report.obj
 0002:0000b2b0       $xdatasym                  000000018002c2b0     LIBCMT:chkstk.obj
 0002:0000b8e0       .edata                     000000018002c8e0     PhysXCooking_64.exp
 0002:0000b908       rgpv                       000000018002c908     PhysXCooking_64.exp
 0002:0000b9ec       rgszName                   000000018002c9ec     PhysXCooking_64.exp
 0002:0000bad0       rgwOrd                     000000018002cad0     PhysXCooking_64.exp
 0002:0000bb42       szName                     000000018002cb42     PhysXCooking_64.exp
 0002:0000bb56       $N00001                    000000018002cb56     PhysXCooking_64.exp
 0002:0000bb7a       $N00002                    000000018002cb7a     PhysXCooking_64.exp
 0002:0000bba9       $N00003                    000000018002cba9     PhysXCooking_64.exp
 0002:0000bbd0       $N00004                    000000018002cbd0     PhysXCooking_64.exp
 0002:0000bc27       $N00005                    000000018002cc27     PhysXCooking_64.exp
 0002:0000bc52       $N00006                    000000018002cc52     PhysXCooking_64.exp
 0002:0000bc78       $N00007                    000000018002cc78     PhysXCooking_64.exp
 0002:0000bc97       $N00008                    000000018002cc97     PhysXCooking_64.exp
 0002:0000bcbb       $N00009                    000000018002ccbb     PhysXCooking_64.exp
 0002:0000bce2       $N00010                    000000018002cce2     PhysXCooking_64.exp
 0002:0000bd0b       $N00011                    000000018002cd0b     PhysXCooking_64.exp
 0002:0000bd2a       $N00012                    000000018002cd2a     PhysXCooking_64.exp
 0002:0000bd5d       $N00013                    000000018002cd5d     PhysXCooking_64.exp
 0002:0000bd93       $N00014                    000000018002cd93     PhysXCooking_64.exp
 0002:0000bdcb       $N00015                    000000018002cdcb     PhysXCooking_64.exp
 0002:0000bdfd       $N00016                    000000018002cdfd     PhysXCooking_64.exp
 0002:0000be29       $N00017                    000000018002ce29     PhysXCooking_64.exp
 0002:0000be45       $N00018                    000000018002ce45     PhysXCooking_64.exp
 0002:0000be6f       $N00019                    000000018002ce6f     PhysXCooking_64.exp
 0002:0000beab       $N00020                    000000018002ceab     PhysXCooking_64.exp
 0002:0000bee6       $N00021                    000000018002cee6     PhysXCooking_64.exp
 0002:0000bf21       $N00022                    000000018002cf21     PhysXCooking_64.exp
 0002:0000bf56       $N00023                    000000018002cf56     PhysXCooking_64.exp
 0002:0000bf92       $N00024                    000000018002cf92     PhysXCooking_64.exp
 0002:0000bfc5       $N00025                    000000018002cfc5     PhysXCooking_64.exp
 0002:0000bff8       $N00026                    000000018002cff8     PhysXCooking_64.exp
 0002:0000c032       $N00027                    000000018002d032     PhysXCooking_64.exp
 0002:0000c06c       $N00028                    000000018002d06c     PhysXCooking_64.exp
 0002:0000c099       $N00029                    000000018002d099     PhysXCooking_64.exp
 0002:0000c0cc       $N00030                    000000018002d0cc     PhysXCooking_64.exp
 0002:0000c0fa       $N00031                    000000018002d0fa     PhysXCooking_64.exp
 0002:0000c127       $N00032                    000000018002d127     PhysXCooking_64.exp
 0002:0000c163       $N00033                    000000018002d163     PhysXCooking_64.exp
 0002:0000c1a0       $N00034                    000000018002d1a0     PhysXCooking_64.exp
 0002:0000c1d0       $N00035                    000000018002d1d0     PhysXCooking_64.exp
 0002:0000c1ef       $N00036                    000000018002d1ef     PhysXCooking_64.exp
 0002:0000c206       $N00037                    000000018002d206     PhysXCooking_64.exp
 0002:0000c21c       $N00038                    000000018002d21c     PhysXCooking_64.exp
 0002:0000c233       $N00039                    000000018002d233     PhysXCooking_64.exp
 0002:0000c24b       $N00040                    000000018002d24b     PhysXCooking_64.exp
 0002:0000c255       $N00041                    000000018002d255     PhysXCooking_64.exp
 0002:0000c266       $N00042                    000000018002d266     PhysXCooking_64.exp
 0002:0000c281       $N00043                    000000018002d281     PhysXCooking_64.exp
 0002:0000c293       $N00044                    000000018002d293     PhysXCooking_64.exp
 0002:0000c2a9       $N00045                    000000018002d2a9     PhysXCooking_64.exp
 0002:0000c2bc       $N00046                    000000018002d2bc     PhysXCooking_64.exp
 0002:0000c2c8       $N00047                    000000018002d2c8     PhysXCooking_64.exp
 0002:0000c2dc       $N00048                    000000018002d2dc     PhysXCooking_64.exp
 0002:0000c2ef       $N00049                    000000018002d2ef     PhysXCooking_64.exp
 0002:0000c30c       $N00050                    000000018002d30c     PhysXCooking_64.exp
 0002:0000c320       $N00051                    000000018002d320     PhysXCooking_64.exp
 0002:0000c338       $N00052                    000000018002d338     PhysXCooking_64.exp
 0002:0000c34d       $N00053                    000000018002d34d     PhysXCooking_64.exp
 0002:0000c36a       $N00054                    000000018002d36a     PhysXCooking_64.exp
 0002:0000c38b       $N00055                    000000018002d38b     PhysXCooking_64.exp
 0002:0000c3aa       $N00056                    000000018002d3aa     PhysXCooking_64.exp
 0002:0000c3bf       $N00057                    000000018002d3bf     PhysXCooking_64.exp
 0002:0000c688       .idata$6                   000000018002d688     kernel32:KERNEL32.dll
 0003:000000b0       ?prefix@?1??getDimension@UnDecorator@@CA?AVDName@@_N@Z@4UStringLiteral@@A 000000018002e0b0     libvcruntime:undname.obj
 0003:000000c0       ?__vcrt_flsindex@@3KA      000000018002e0c0     libvcruntime:per_thread_data.obj
 0003:000000e0       ?__acrt_flsindex@@3KA      000000018002e0e0     libucrt:per_thread_data.obj
 0003:000000e4       ?errno_no_memory@@3HA      000000018002e0e4     libucrt:errno.obj
 0003:000000e8       ?doserrno_no_memory@@3KA   000000018002e0e8     libucrt:errno.obj
 0003:00000320       _mbctypes                  000000018002e320     libucrt:mbctype.obj
 0003:00000430       _mbcasemaps                000000018002e430     libucrt:mbctype.obj
 0003:00000530       ?__rgctypeflag@@3PADA      000000018002e530     libucrt:mbctype.obj
 0003:00000540       ?__rgcode_page_info@@3PAUcode_page_info@@A 000000018002e540     libucrt:mbctype.obj
 0003:00000a50       ?__dcrt_lowio_console_output_handle@@3PEAXEA 000000018002ea50     libucrt:initcon.obj
 0003:00000a58       ?dazSupported@?1??common_control87@@9@9 000000018002ea58     libucrt:ieee.obj
 0003:00000a60       ?dazSupported@?1??_ctrlfp@@9@9 000000018002ea60     libucrt:fpctrl.obj
 0003:00000d10       ?maxV3Error@vecMathTests@aos@physx@@3T__m128@@B 000000018002ed10     Cooking.obj
 0003:00000d20       ?minFError@vecMathTests@aos@physx@@3T__m128@@B 000000018002ed20     Cooking.obj
 0003:00000d30       ?maxV4Error@vecMathTests@aos@physx@@3T__m128@@B 000000018002ed30     Cooking.obj
 0003:00000d40       ?minV4Error@vecMathTests@aos@physx@@3T__m128@@B 000000018002ed40     Cooking.obj
 0003:00000d50       ?minV3Error@vecMathTests@aos@physx@@3T__m128@@B 000000018002ed50     Cooking.obj
 0003:00000d60       ?maxFError@vecMathTests@aos@physx@@3T__m128@@B 000000018002ed60     Cooking.obj
 0003:00000d70       ?gCookingDelayLoadHook@@3PEBVPxDelayLoadHook@physx@@EB 000000018002ed70     WindowsCookingDelayLoadHook.obj
 0003:00000dd0       ?__proc_attached@@3HA      000000018002edd0     LIBCMT:dll_dllmain.obj
 0003:00000df8       ?is_initialized_as_dll@@3_NA 000000018002edf8     LIBCMT:utility.obj
 0003:00000df9       ?module_local_atexit_table_initialized@@3_NA 000000018002edf9     LIBCMT:utility.obj
 0003:00000e00       ?module_local_atexit_table@@3U_onexit_table_t@@A 000000018002ee00     LIBCMT:utility.obj
 0003:00000e18       ?module_local_at_quick_exit_table@@3U_onexit_table_t@@A 000000018002ee18     LIBCMT:utility.obj
 0003:00000e90       ?heap@@3V_HeapManager@@A   000000018002ee90     libvcruntime:undname.obj
 0003:00000ec0       ?__vcrt_startup_thread_ptd@@3U__vcrt_ptd@@A 000000018002eec0     libvcruntime:per_thread_data.obj
 0003:00000f40       __vcrt_lock_table          000000018002ef40     libvcruntime:locks.obj
 0003:00000f68       __vcrt_locks_initialized   000000018002ef68     libvcruntime:locks.obj
 0003:00000f70       ?module_handles@@3PAPEAUHINSTANCE__@@A 000000018002ef70     libvcruntime:winapi_downlevel.obj
 0003:00000f88       ?function_pointers@@3PAPEAXA 000000018002ef88     libvcruntime:winapi_downlevel.obj
 0003:00000fb0       ?c_termination_complete@@3JA 000000018002efb0     libucrt:exit.obj
 0003:00000fb8       ?thread_local_exit_callback_func@@3P6AXPEAXK0@ZEA 000000018002efb8     libucrt:exit.obj
 0003:00000fc0       ?c_exit_complete@?1???R<lambda_6e4b09c48022b2350581041d5f6b0c4c>@@QEBA@XZ@4_NA 000000018002efc0     libucrt:exit.obj
 0003:00000fd0       ?program_name@?1???$common_configure_argv@D@@YAHW4_crt_argv_mode@@@Z@4PADA 000000018002efd0     libucrt:argv_parsing.obj
 0003:00001130       ?__acrt_lock_table@@3PAU_RTL_CRITICAL_SECTION@@A 000000018002f130     libucrt:locks.obj
 0003:00001360       ?__acrt_locks_initialized@@3IA 000000018002f360     libucrt:locks.obj
 0003:00001368       ?__acrt_invalid_parameter_handler@@3V?$dual_state_global@P6AXPEB_W00I_K@Z@__crt_state_management@@A 000000018002f368     libucrt:invalid_parameter.obj
 0003:00001388       ?fSystemSet@@3HA           000000018002f388     libucrt:mbctype.obj
 0003:0000138c       ?initialized@?1??__acrt_initialize_multibyte@@9@4_NA 000000018002f38c     libucrt:mbctype.obj
 0003:000013c0       ?module_handles@@3PAPEAUHINSTANCE__@@A 000000018002f3c0     libucrt:winapi_thunks.obj
 0003:00001470       ?encoded_function_pointers@@3PAPEAXA 000000018002f470     libucrt:winapi_thunks.obj
 0003:00001978       ?__acrt_new_handler@@3V?$dual_state_global@P6AH_K@Z@__crt_state_management@@A 000000018002f978     libucrt:new_handler.obj
 0003:00001980       ?ctrlc_action@@3V?$dual_state_global@P6AXH@Z@__crt_state_management@@A 000000018002f980     libucrt:signal.obj
 0003:00001988       ?ctrlbreak_action@@3V?$dual_state_global@P6AXH@Z@__crt_state_management@@A 000000018002f988     libucrt:signal.obj
 0003:00001990       ?abort_action@@3V?$dual_state_global@P6AXH@Z@__crt_state_management@@A 000000018002f990     libucrt:signal.obj
 0003:00001998       ?term_action@@3V?$dual_state_global@P6AXH@Z@__crt_state_management@@A 000000018002f998     libucrt:signal.obj
 0003:000019a0       ?user_matherr@@3V?$dual_state_global@P6AHPEAU_exception@@@Z@__crt_state_management@@A 000000018002f9a0     libucrt:matherr.obj
 0003:000019d0       ?internal_state@?1??_mbtowc_internal@@9@4U_Mbstatet@@A 000000018002f9d0     libucrt:mbtowc.obj
 0003:000019d8       ?enable_percent_n@@3_KA    000000018002f9d8     libucrt:printf_count_output.obj
 0003:000019e4       ?__acrt_global_new_mode@@3V?$dual_state_global@J@__crt_state_management@@A 000000018002f9e4     libucrt:new_mode.obj
 0003:000019f0       ?__acrt_app_type@@3W4_crt_app_type@@A 000000018002f9f0     libucrt:report_runtime_error.obj
 0003:000019f8       ?internal_pst@?1??__mbrtoc32_utf8@__crt_mbstring@@YA_KPEA_UPEBD_KPEAU_Mbstatet@@AEAV__crt_cached_ptd_host@@@Z@4U3@A 000000018002f9f8     libucrt:mbrtoc32.obj
 0003:00001a10       GS_ExceptionRecord         000000018002fa10     LIBCMT:gs_report.obj
 0003:00001ab0       GS_ContextRecord           000000018002fab0     LIBCMT:gs_report.obj
 0005:000000a0       $R000000                   00000001800320a0     PhysXCooking.res
 0005:000003d0       $R000330                   00000001800323d0     PhysXCooking.res
